
 N E X T F L O W   ~  version 24.04.4

Launching `/app/workflows_user/feature_based_molecular_networking_workflow/nf_workflow.nf` [nice_faggin] DSL2 - revision: 4f081d111f

[-        ] filesummary                    -
[-        ] qua…fication_table_reformatted -
[-        ] filter_spectra                 -
[-        ] librarySearchData              -
[-        ] librarymergeResults            -
[-        ] summaryLibrary                 -
[-        ] librarygetGNPSAnnotations      -
[-        ] networkingGNPSPrepParams       -
[-        ] calculatePairs                 -
[-        ] filterNetwork                  -
[-        ] createMetadataFile             -
[-        ] calculateGroupings             -
[-        ] enrichClusterSummary           -

[-        ] filesummary                    -
[-        ] qua…fication_table_reformatted -
[-        ] filter_spectra                 -
[-        ] librarySearchData              -
[-        ] librarymergeResults            -
[-        ] summaryLibrary                 -
[-        ] librarygetGNPSAnnotations      -
[-        ] networkingGNPSPrepParams       -
[-        ] calculatePairs                 -
[-        ] filterNetwork                  -
[-        ] createMetadataFile             -
[-        ] calculateGroupings             -
[-        ] enrichClusterSummary           -
[-        ] createNetworkGraphML           -
[-        ] createTallRawData              -
[-        ] createMztabOutput              -

executor >  slurm (2)
[-        ] filesummary                    | 0 of 1
[-        ] qua…fication_table_reformatted | 0 of 1
[-        ] filter_spectra                 -
[-        ] librarySearchData              -
[-        ] librarymergeResults            -
[49/07c571] summaryLibrary (10)            | 0 of 75
[-        ] librarygetGNPSAnnotations      -
[-        ] networkingGNPSPrepParams       -
[-        ] calculatePairs                 -
[-        ] filterNetwork                  -
[-        ] createMetadataFile             | 0 of 1
[-        ] calculateGroupings             -
[-        ] enrichClusterSummary           -
[-        ] createNetworkGraphML           -
[-        ] createTallRawData              -
[-        ] createMztabOutput              -

executor >  slurm (3)
[-        ] filesummary                    | 0 of 1
[-        ] qua…fication_table_reformatted | 0 of 1
[-        ] filter_spectra                 -
[-        ] librarySearchData              -
[-        ] librarymergeResults            -
[49/07c571] summaryLibrary (10)            | 0 of 75
[-        ] librarygetGNPSAnnotations      -
[-        ] networkingGNPSPrepParams       -
[-        ] calculatePairs                 -
[-        ] filterNetwork                  -
[af/fd458f] createMetadataFile             | 0 of 1
[-        ] calculateGroupings             -
[-        ] enrichClusterSummary           -
[-        ] createNetworkGraphML           -
[-        ] createTallRawData              -
[-        ] createMztabOutput              -

executor >  slurm (13)
[-        ] filesummary                    | 0 of 1
[-        ] qua…fication_table_reformatted | 0 of 1
[-        ] filter_spectra                 -
[-        ] librarySearchData              -
[-        ] librarymergeResults            -
[4f/a5c430] summaryLibrary (2)             | 0 of 75
[-        ] librarygetGNPSAnnotations      -
[-        ] networkingGNPSPrepParams       -
[-        ] calculatePairs                 -
[-        ] filterNetwork                  -
[af/fd458f] createMetadataFile             | 0 of 1
[-        ] calculateGroupings             -
[-        ] enrichClusterSummary           -
[-        ] createNetworkGraphML           -
[-        ] createTallRawData              -
[-        ] createMztabOutput              -

executor >  slurm (19)
[30/5a868c] filesummary (1)                | 0 of 1
[e0/50ab16] qua…tion_table_reformatted (1) | 0 of 1
[-        ] filter_spectra                 -
[-        ] librarySearchData              -
[-        ] librarymergeResults            -
[2f/08a44e] summaryLibrary (4)             | 0 of 75
[-        ] librarygetGNPSAnnotations      -
[-        ] networkingGNPSPrepParams       -
[-        ] calculatePairs                 -
[-        ] filterNetwork                  -
[af/fd458f] createMetadataFile             | 0 of 1
[-        ] calculateGroupings             -
[-        ] enrichClusterSummary           -
[-        ] createNetworkGraphML           -
[-        ] createTallRawData              -
[-        ] createMztabOutput              -

executor >  slurm (23)
[30/5a868c] filesummary (1)                | 0 of 1
[e0/50ab16] qua…tion_table_reformatted (1) | 0 of 1
[-        ] filter_spectra                 -
[-        ] librarySearchData              -
[-        ] librarymergeResults            -
[66/45c98b] summaryLibrary (20)            | 4 of 75
[-        ] librarygetGNPSAnnotations      -
[-        ] networkingGNPSPrepParams       -
[-        ] calculatePairs                 -
[-        ] filterNetwork                  -
[af/fd458f] createMetadataFile             | 1 of 1 ✔
[-        ] calculateGroupings             -
[-        ] enrichClusterSummary           -
[-        ] createNetworkGraphML           -
[-        ] createTallRawData              -
[-        ] createMztabOutput              -

executor >  slurm (27)
[30/5a868c] filesummary (1)                | 1 of 1 ✔
[e0/50ab16] qua…tion_table_reformatted (1) | 1 of 1 ✔
[-        ] filter_spectra                 -
[-        ] librarySearchData              -
[-        ] librarymergeResults            -
[8b/b89797] summaryLibrary (24)            | 17 of 75
[-        ] librarygetGNPSAnnotations      -
[-        ] networkingGNPSPrepParams       -
[-        ] calculatePairs                 -
[-        ] filterNetwork                  -
[af/fd458f] createMetadataFile             | 1 of 1 ✔
[-        ] calculateGroupings             -
[-        ] enrichClusterSummary           -
[-        ] createNetworkGraphML           -
[-        ] createTallRawData              -
[-        ] createMztabOutput              -

executor >  slurm (37)
[30/5a868c] filesummary (1)                | 1 of 1 ✔
[e0/50ab16] qua…tion_table_reformatted (1) | 1 of 1 ✔
[-        ] filter_spectra                 | 0 of 1
[-        ] librarySearchData              -
[-        ] librarymergeResults            -
[a2/7eb03f] summaryLibrary (33)            | 17 of 75
[-        ] librarygetGNPSAnnotations      -
[-        ] networkingGNPSPrepParams       -
[-        ] calculatePairs                 -
[-        ] filterNetwork                  -
[af/fd458f] createMetadataFile             | 1 of 1 ✔
[-        ] calculateGroupings             | 0 of 1
[-        ] enrichClusterSummary           -
[-        ] createNetworkGraphML           -
[d6/20aea6] createTallRawData (1)          | 0 of 1
[-        ] createMztabOutput              -

executor >  slurm (39)
[30/5a868c] filesummary (1)                | 1 of 1 ✔
[e0/50ab16] qua…tion_table_reformatted (1) | 1 of 1 ✔
[da/caa781] filter_spectra (1)             | 0 of 1
[-        ] librarySearchData              -
[-        ] librarymergeResults            -
[a2/7eb03f] summaryLibrary (33)            | 17 of 75
[-        ] librarygetGNPSAnnotations      -
[-        ] networkingGNPSPrepParams       -
[-        ] calculatePairs                 -
[-        ] filterNetwork                  -
[af/fd458f] createMetadataFile             | 1 of 1 ✔
[86/75a372] calculateGroupings (1)         | 0 of 1
[-        ] enrichClusterSummary           -
[-        ] createNetworkGraphML           -
[d6/20aea6] createTallRawData (1)          | 0 of 1
[-        ] createMztabOutput              -

executor >  slurm (44)
[30/5a868c] filesummary (1)                | 1 of 1 ✔
[e0/50ab16] qua…tion_table_reformatted (1) | 1 of 1 ✔
[da/caa781] filter_spectra (1)             | 1 of 1 ✔
[-        ] librarySearchData              | 0 of 12
[-        ] librarymergeResults            -
[fd/9d95b1] summaryLibrary (38)            | 31 of 75
[-        ] librarygetGNPSAnnotations      -
[-        ] networkingGNPSPrepParams       | 0 of 1
[-        ] calculatePairs                 -
[-        ] filterNetwork                  -
[af/fd458f] createMetadataFile             | 1 of 1 ✔
[86/75a372] calculateGroupings (1)         | 1 of 1 ✔
[-        ] enrichClusterSummary           -
[-        ] createNetworkGraphML           -
[d6/20aea6] createTallRawData (1)          | 1 of 1 ✔
[-        ] createMztabOutput              -

executor >  slurm (53)
[30/5a868c] filesummary (1)                | 1 of 1 ✔
[e0/50ab16] qua…tion_table_reformatted (1) | 1 of 1 ✔
[da/caa781] filter_spectra (1)             | 1 of 1 ✔
[-        ] librarySearchData              | 0 of 75
[-        ] librarymergeResults            -
[5a/533cab] summaryLibrary (47)            | 31 of 75
[-        ] librarygetGNPSAnnotations      -
[-        ] networkingGNPSPrepParams       | 0 of 1
[-        ] calculatePairs                 -
[-        ] filterNetwork                  -
[af/fd458f] createMetadataFile             | 1 of 1 ✔
[86/75a372] calculateGroupings (1)         | 1 of 1 ✔
[-        ] enrichClusterSummary           -
[-        ] createNetworkGraphML           -
[d6/20aea6] createTallRawData (1)          | 1 of 1 ✔
[-        ] createMztabOutput              -

executor >  slurm (62)
[30/5a868c] filesummary (1)                | 1 of 1 ✔
[e0/50ab16] qua…tion_table_reformatted (1) | 1 of 1 ✔
[da/caa781] filter_spectra (1)             | 1 of 1 ✔
[67/df4f2e] librarySearchData (2)          | 0 of 75
[-        ] librarymergeResults            -
[5a/533cab] summaryLibrary (47)            | 31 of 75
[-        ] librarygetGNPSAnnotations      -
[38/b4d24d] networkingGNPSPrepParams (1)   | 0 of 1
[-        ] calculatePairs                 -
[-        ] filterNetwork                  -
[af/fd458f] createMetadataFile             | 1 of 1 ✔
[86/75a372] calculateGroupings (1)         | 1 of 1 ✔
[-        ] enrichClusterSummary           -
[-        ] createNetworkGraphML           -
[d6/20aea6] createTallRawData (1)          | 1 of 1 ✔
[-        ] createMztabOutput              -

executor >  slurm (70)
[30/5a868c] filesummary (1)                | 1 of 1 ✔
[e0/50ab16] qua…tion_table_reformatted (1) | 1 of 1 ✔
[da/caa781] filter_spectra (1)             | 1 of 1 ✔
[7d/d0ea33] librarySearchData (16)         | 0 of 75
[-        ] librarymergeResults            -
[5a/533cab] summaryLibrary (47)            | 31 of 75
[-        ] librarygetGNPSAnnotations      -
[38/b4d24d] networkingGNPSPrepParams (1)   | 0 of 1
[-        ] calculatePairs                 -
[-        ] filterNetwork                  -
[af/fd458f] createMetadataFile             | 1 of 1 ✔
[86/75a372] calculateGroupings (1)         | 1 of 1 ✔
[-        ] enrichClusterSummary           -
[-        ] createNetworkGraphML           -
[d6/20aea6] createTallRawData (1)          | 1 of 1 ✔
[-        ] createMztabOutput              -

executor >  slurm (76)
[30/5a868c] filesummary (1)                | 1 of 1 ✔
[e0/50ab16] qua…tion_table_reformatted (1) | 1 of 1 ✔
[da/caa781] filter_spectra (1)             | 1 of 1 ✔
[7d/d0ea33] librarySearchData (16)         | 0 of 75
[-        ] librarymergeResults            -
[ae/8fee8d] summaryLibrary (53)            | 42 of 75
[-        ] librarygetGNPSAnnotations      -
[38/b4d24d] networkingGNPSPrepParams (1)   | 1 of 1 ✔
[-        ] calculatePairs                 | 0 of 1
[-        ] filterNetwork                  -
[af/fd458f] createMetadataFile             | 1 of 1 ✔
[86/75a372] calculateGroupings (1)         | 1 of 1 ✔
[-        ] enrichClusterSummary           -
[-        ] createNetworkGraphML           -
[d6/20aea6] createTallRawData (1)          | 1 of 1 ✔
[-        ] createMztabOutput              -

executor >  slurm (82)
[30/5a868c] filesummary (1)                | 1 of 1 ✔
[e0/50ab16] qua…tion_table_reformatted (1) | 1 of 1 ✔
[da/caa781] filter_spectra (1)             | 1 of 1 ✔
[7d/d0ea33] librarySearchData (16)         | 0 of 75
[-        ] librarymergeResults            -
[55/42d207] summaryLibrary (58)            | 42 of 75
[-        ] librarygetGNPSAnnotations      -
[38/b4d24d] networkingGNPSPrepParams (1)   | 1 of 1 ✔
[28/022012] calculatePairs (1)             | 0 of 1
[-        ] filterNetwork                  -
[af/fd458f] createMetadataFile             | 1 of 1 ✔
[86/75a372] calculateGroupings (1)         | 1 of 1 ✔
[-        ] enrichClusterSummary           -
[-        ] createNetworkGraphML           -
[d6/20aea6] createTallRawData (1)          | 1 of 1 ✔
[-        ] createMztabOutput              -

executor >  slurm (90)
[30/5a868c] filesummary (1)                | 1 of 1 ✔
[e0/50ab16] qua…tion_table_reformatted (1) | 1 of 1 ✔
[da/caa781] filter_spectra (1)             | 1 of 1 ✔
[56/296e9b] librarySearchData (5)          | 14 of 75
[-        ] librarymergeResults            -
[33/99b356] summaryLibrary (65)            | 55 of 75
[-        ] librarygetGNPSAnnotations      -
[38/b4d24d] networkingGNPSPrepParams (1)   | 1 of 1 ✔
[28/022012] calculatePairs (1)             | 1 of 1 ✔
[-        ] filterNetwork                  | 0 of 1
[af/fd458f] createMetadataFile             | 1 of 1 ✔
[86/75a372] calculateGroupings (1)         | 1 of 1 ✔
[-        ] enrichClusterSummary           -
[-        ] createNetworkGraphML           -
[d6/20aea6] createTallRawData (1)          | 1 of 1 ✔
[-        ] createMztabOutput              -

executor >  slurm (101)
[30/5a868c] filesummary (1)                | 1 of 1 ✔
[e0/50ab16] qua…tion_table_reformatted (1) | 1 of 1 ✔
[da/caa781] filter_spectra (1)             | 1 of 1 ✔
[a5/78a916] librarySearchData (21)         | 14 of 75
[-        ] librarymergeResults            -
[d7/d82b3c] summaryLibrary (70)            | 55 of 75
[-        ] librarygetGNPSAnnotations      -
[38/b4d24d] networkingGNPSPrepParams (1)   | 1 of 1 ✔
[28/022012] calculatePairs (1)             | 1 of 1 ✔
[-        ] filterNetwork                  | 0 of 1
[af/fd458f] createMetadataFile             | 1 of 1 ✔
[86/75a372] calculateGroupings (1)         | 1 of 1 ✔
[-        ] enrichClusterSummary           -
[-        ] createNetworkGraphML           -
[d6/20aea6] createTallRawData (1)          | 1 of 1 ✔
[-        ] createMztabOutput              -

executor >  slurm (110)
[30/5a868c] filesummary (1)                | 1 of 1 ✔
[e0/50ab16] qua…tion_table_reformatted (1) | 1 of 1 ✔
[da/caa781] filter_spectra (1)             | 1 of 1 ✔
[1e/4431f3] librarySearchData (30)         | 14 of 75
[-        ] librarymergeResults            -
[d7/d82b3c] summaryLibrary (70)            | 55 of 75
[-        ] librarygetGNPSAnnotations      -
[38/b4d24d] networkingGNPSPrepParams (1)   | 1 of 1 ✔
[28/022012] calculatePairs (1)             | 1 of 1 ✔
[d2/4a3a41] filterNetwork (1)              | 0 of 1
[af/fd458f] createMetadataFile             | 1 of 1 ✔
[86/75a372] calculateGroupings (1)         | 1 of 1 ✔
[-        ] enrichClusterSummary           -
[-        ] createNetworkGraphML           -
[d6/20aea6] createTallRawData (1)          | 1 of 1 ✔
[-        ] createMztabOutput              -

executor >  slurm (110)
[30/5a868c] filesummary (1)                | 1 of 1 ✔
[e0/50ab16] qua…tion_table_reformatted (1) | 1 of 1 ✔
[da/caa781] filter_spectra (1)             | 1 of 1 ✔
[7d/d0ea33] librarySearchData (16)         | 16 of 75
[-        ] librarymergeResults            -
[04/44a00c] summaryLibrary (57)            | 57 of 75
[-        ] librarygetGNPSAnnotations      -
[38/b4d24d] networkingGNPSPrepParams (1)   | 1 of 1 ✔
[28/022012] calculatePairs (1)             | 1 of 1 ✔
[d2/4a3a41] filterNetwork (1)              | 0 of 1
[af/fd458f] createMetadataFile             | 1 of 1 ✔
[86/75a372] calculateGroupings (1)         | 1 of 1 ✔
[-        ] enrichClusterSummary           -
[-        ] createNetworkGraphML           -
[d6/20aea6] createTallRawData (1)          | 1 of 1 ✔
[-        ] createMztabOutput              -

executor >  slurm (118)
[30/5a868c] filesummary (1)                | 1 of 1 ✔
[e0/50ab16] qua…tion_table_reformatted (1) | 1 of 1 ✔
[da/caa781] filter_spectra (1)             | 1 of 1 ✔
[c7/6aefde] librarySearchData (34)         | 21 of 75
[-        ] librarymergeResults            -
[c2/e952ee] summaryLibrary (75)            | 63 of 75
[-        ] librarygetGNPSAnnotations      -
[38/b4d24d] networkingGNPSPrepParams (1)   | 1 of 1 ✔
[28/022012] calculatePairs (1)             | 1 of 1 ✔
[d2/4a3a41] filterNetwork (1)              | 0 of 1
[af/fd458f] createMetadataFile             | 1 of 1 ✔
[86/75a372] calculateGroupings (1)         | 1 of 1 ✔
[-        ] enrichClusterSummary           -
[-        ] createNetworkGraphML           -
[d6/20aea6] createTallRawData (1)          | 1 of 1 ✔
[-        ] createMztabOutput              -

executor >  slurm (121)
[30/5a868c] filesummary (1)                | 1 of 1 ✔
[e0/50ab16] qua…tion_table_reformatted (1) | 1 of 1 ✔
[da/caa781] filter_spectra (1)             | 1 of 1 ✔
[a5/7b9f64] librarySearchData (37)         | 21 of 75
[-        ] librarymergeResults            -
[c2/e952ee] summaryLibrary (75)            | 63 of 75
[-        ] librarygetGNPSAnnotations      -
[38/b4d24d] networkingGNPSPrepParams (1)   | 1 of 1 ✔
[28/022012] calculatePairs (1)             | 1 of 1 ✔
[d2/4a3a41] filterNetwork (1)              | 0 of 1
[af/fd458f] createMetadataFile             | 1 of 1 ✔
[86/75a372] calculateGroupings (1)         | 1 of 1 ✔
[-        ] enrichClusterSummary           -
[-        ] createNetworkGraphML           -
[d6/20aea6] createTallRawData (1)          | 1 of 1 ✔
[-        ] createMztabOutput              -

executor >  slurm (121)
[30/5a868c] filesummary (1)                | 1 of 1 ✔
[e0/50ab16] qua…tion_table_reformatted (1) | 1 of 1 ✔
[da/caa781] filter_spectra (1)             | 1 of 1 ✔
[a5/7b9f64] librarySearchData (37)         | 21 of 75
[-        ] librarymergeResults            -
[6c/513b77] summaryLibrary (63)            | 66 of 75
[-        ] librarygetGNPSAnnotations      -
[38/b4d24d] networkingGNPSPrepParams (1)   | 1 of 1 ✔
[28/022012] calculatePairs (1)             | 1 of 1 ✔
[d2/4a3a41] filterNetwork (1)              | 0 of 1
[af/fd458f] createMetadataFile             | 1 of 1 ✔
[86/75a372] calculateGroupings (1)         | 1 of 1 ✔
[-        ] enrichClusterSummary           -
[-        ] createNetworkGraphML           -
[d6/20aea6] createTallRawData (1)          | 1 of 1 ✔
[-        ] createMztabOutput              -

executor >  slurm (131)
[30/5a868c] filesummary (1)                | 1 of 1 ✔
[e0/50ab16] qua…tion_table_reformatted (1) | 1 of 1 ✔
[da/caa781] filter_spectra (1)             | 1 of 1 ✔
[d6/7b7913] librarySearchData (47)         | 31 of 75
[-        ] librarymergeResults            -
[c2/e952ee] summaryLibrary (75)            | 70 of 75
[-        ] librarygetGNPSAnnotations      -
[38/b4d24d] networkingGNPSPrepParams (1)   | 1 of 1 ✔
[28/022012] calculatePairs (1)             | 1 of 1 ✔
[d2/4a3a41] filterNetwork (1)              | 1 of 1 ✔
[af/fd458f] createMetadataFile             | 1 of 1 ✔
[86/75a372] calculateGroupings (1)         | 1 of 1 ✔
[-        ] enrichClusterSummary           -
[-        ] createNetworkGraphML           -
[d6/20aea6] createTallRawData (1)          | 1 of 1 ✔
[-        ] createMztabOutput              -

executor >  slurm (136)
[30/5a868c] filesummary (1)                | 1 of 1 ✔
[e0/50ab16] qua…tion_table_reformatted (1) | 1 of 1 ✔
[da/caa781] filter_spectra (1)             | 1 of 1 ✔
[12/474b6d] librarySearchData (51)         | 37 of 75
[-        ] librarymergeResults            -
[c2/e952ee] summaryLibrary (75)            | 70 of 75
[-        ] librarygetGNPSAnnotations      -
[38/b4d24d] networkingGNPSPrepParams (1)   | 1 of 1 ✔
[28/022012] calculatePairs (1)             | 1 of 1 ✔
[d2/4a3a41] filterNetwork (1)              | 1 of 1 ✔
[af/fd458f] createMetadataFile             | 1 of 1 ✔
[86/75a372] calculateGroupings (1)         | 1 of 1 ✔
[-        ] enrichClusterSummary           -
[-        ] createNetworkGraphML           -
[d6/20aea6] createTallRawData (1)          | 1 of 1 ✔
[-        ] createMztabOutput              -

executor >  slurm (137)
[30/5a868c] filesummary (1)                | 1 of 1 ✔
[e0/50ab16] qua…tion_table_reformatted (1) | 1 of 1 ✔
[da/caa781] filter_spectra (1)             | 1 of 1 ✔
[46/6d0a1d] librarySearchData (54)         | 37 of 75
[-        ] librarymergeResults            -
[c2/e952ee] summaryLibrary (75)            | 70 of 75
[-        ] librarygetGNPSAnnotations      -
[38/b4d24d] networkingGNPSPrepParams (1)   | 1 of 1 ✔
[28/022012] calculatePairs (1)             | 1 of 1 ✔
[d2/4a3a41] filterNetwork (1)              | 1 of 1 ✔
[af/fd458f] createMetadataFile             | 1 of 1 ✔
[86/75a372] calculateGroupings (1)         | 1 of 1 ✔
[-        ] enrichClusterSummary           -
[-        ] createNetworkGraphML           -
[d6/20aea6] createTallRawData (1)          | 1 of 1 ✔
[-        ] createMztabOutput              -

executor >  slurm (140)
[30/5a868c] filesummary (1)                | 1 of 1 ✔
[e0/50ab16] qua…tion_table_reformatted (1) | 1 of 1 ✔
[da/caa781] filter_spectra (1)             | 1 of 1 ✔
[cf/3ffee6] librarySearchData (56)         | 44 of 75
[-        ] librarymergeResults            -
[54/b98f66] summaryLibrary (74)            | 72 of 75
[-        ] librarygetGNPSAnnotations      -
[38/b4d24d] networkingGNPSPrepParams (1)   | 1 of 1 ✔
[28/022012] calculatePairs (1)             | 1 of 1 ✔
[d2/4a3a41] filterNetwork (1)              | 1 of 1 ✔
[af/fd458f] createMetadataFile             | 1 of 1 ✔
[86/75a372] calculateGroupings (1)         | 1 of 1 ✔
[-        ] enrichClusterSummary           -
[-        ] createNetworkGraphML           -
[d6/20aea6] createTallRawData (1)          | 1 of 1 ✔
[-        ] createMztabOutput              -

executor >  slurm (144)
[30/5a868c] filesummary (1)                | 1 of 1 ✔
[e0/50ab16] qua…tion_table_reformatted (1) | 1 of 1 ✔
[da/caa781] filter_spectra (1)             | 1 of 1 ✔
[d2/a6a474] librarySearchData (60)         | 44 of 75
[-        ] librarymergeResults            -
[54/b98f66] summaryLibrary (74)            | 72 of 75
[-        ] librarygetGNPSAnnotations      -
[38/b4d24d] networkingGNPSPrepParams (1)   | 1 of 1 ✔
[28/022012] calculatePairs (1)             | 1 of 1 ✔
[d2/4a3a41] filterNetwork (1)              | 1 of 1 ✔
[af/fd458f] createMetadataFile             | 1 of 1 ✔
[86/75a372] calculateGroupings (1)         | 1 of 1 ✔
[-        ] enrichClusterSummary           -
[-        ] createNetworkGraphML           -
[d6/20aea6] createTallRawData (1)          | 1 of 1 ✔
[-        ] createMztabOutput              -

executor >  slurm (148)
[30/5a868c] filesummary (1)                | 1 of 1 ✔
[e0/50ab16] qua…tion_table_reformatted (1) | 1 of 1 ✔
[da/caa781] filter_spectra (1)             | 1 of 1 ✔
[2a/d293cc] librarySearchData (68)         | 48 of 75
[-        ] librarymergeResults            -
[54/b98f66] summaryLibrary (74)            | 72 of 75
[-        ] librarygetGNPSAnnotations      -
[38/b4d24d] networkingGNPSPrepParams (1)   | 1 of 1 ✔
[28/022012] calculatePairs (1)             | 1 of 1 ✔
[d2/4a3a41] filterNetwork (1)              | 1 of 1 ✔
[af/fd458f] createMetadataFile             | 1 of 1 ✔
[86/75a372] calculateGroupings (1)         | 1 of 1 ✔
[-        ] enrichClusterSummary           -
[-        ] createNetworkGraphML           -
[d6/20aea6] createTallRawData (1)          | 1 of 1 ✔
[-        ] createMztabOutput              -

executor >  slurm (150)
[30/5a868c] filesummary (1)                | 1 of 1 ✔
[e0/50ab16] qua…tion_table_reformatted (1) | 1 of 1 ✔
[da/caa781] filter_spectra (1)             | 1 of 1 ✔
[20/cb77e3] librarySearchData (65)         | 55 of 75
[-        ] librarymergeResults            -
[8a/7421e5] summaryLibrary (66)            | 75 of 75 ✔
[-        ] librarygetGNPSAnnotations      -
[38/b4d24d] networkingGNPSPrepParams (1)   | 1 of 1 ✔
[28/022012] calculatePairs (1)             | 1 of 1 ✔
[d2/4a3a41] filterNetwork (1)              | 1 of 1 ✔
[af/fd458f] createMetadataFile             | 1 of 1 ✔
[86/75a372] calculateGroupings (1)         | 1 of 1 ✔
[-        ] enrichClusterSummary           -
[-        ] createNetworkGraphML           -
[d6/20aea6] createTallRawData (1)          | 1 of 1 ✔
[-        ] createMztabOutput              -

executor >  slurm (155)
[30/5a868c] filesummary (1)                | 1 of 1 ✔
[e0/50ab16] qua…tion_table_reformatted (1) | 1 of 1 ✔
[da/caa781] filter_spectra (1)             | 1 of 1 ✔
[13/c8deb3] librarySearchData (71)         | 55 of 75
[-        ] librarymergeResults            -
[8a/7421e5] summaryLibrary (66)            | 75 of 75 ✔
[-        ] librarygetGNPSAnnotations      -
[38/b4d24d] networkingGNPSPrepParams (1)   | 1 of 1 ✔
[28/022012] calculatePairs (1)             | 1 of 1 ✔
[d2/4a3a41] filterNetwork (1)              | 1 of 1 ✔
[af/fd458f] createMetadataFile             | 1 of 1 ✔
[86/75a372] calculateGroupings (1)         | 1 of 1 ✔
[-        ] enrichClusterSummary           -
[-        ] createNetworkGraphML           -
[d6/20aea6] createTallRawData (1)          | 1 of 1 ✔
[-        ] createMztabOutput              -

executor >  slurm (159)
[30/5a868c] filesummary (1)                | 1 of 1 ✔
[e0/50ab16] qua…tion_table_reformatted (1) | 1 of 1 ✔
[da/caa781] filter_spectra (1)             | 1 of 1 ✔
[cd/82434a] librarySearchData (75)         | 59 of 75
[-        ] librarymergeResults            -
[8a/7421e5] summaryLibrary (66)            | 75 of 75 ✔
[-        ] librarygetGNPSAnnotations      -
[38/b4d24d] networkingGNPSPrepParams (1)   | 1 of 1 ✔
[28/022012] calculatePairs (1)             | 1 of 1 ✔
[d2/4a3a41] filterNetwork (1)              | 1 of 1 ✔
[af/fd458f] createMetadataFile             | 1 of 1 ✔
[86/75a372] calculateGroupings (1)         | 1 of 1 ✔
[-        ] enrichClusterSummary           -
[-        ] createNetworkGraphML           -
[d6/20aea6] createTallRawData (1)          | 1 of 1 ✔
[-        ] createMztabOutput              -

executor >  slurm (159)
[30/5a868c] filesummary (1)                | 1 of 1 ✔
[e0/50ab16] qua…tion_table_reformatted (1) | 1 of 1 ✔
[da/caa781] filter_spectra (1)             | 1 of 1 ✔
[0c/f9dcd3] librarySearchData (69)         | 64 of 75
[-        ] librarymergeResults            -
[8a/7421e5] summaryLibrary (66)            | 75 of 75 ✔
[-        ] librarygetGNPSAnnotations      -
[38/b4d24d] networkingGNPSPrepParams (1)   | 1 of 1 ✔
[28/022012] calculatePairs (1)             | 1 of 1 ✔
[d2/4a3a41] filterNetwork (1)              | 1 of 1 ✔
[af/fd458f] createMetadataFile             | 1 of 1 ✔
[86/75a372] calculateGroupings (1)         | 1 of 1 ✔
[-        ] enrichClusterSummary           -
[-        ] createNetworkGraphML           -
[d6/20aea6] createTallRawData (1)          | 1 of 1 ✔
[-        ] createMztabOutput              -

executor >  slurm (159)
[30/5a868c] filesummary (1)                | 1 of 1 ✔
[e0/50ab16] qua…tion_table_reformatted (1) | 1 of 1 ✔
[da/caa781] filter_spectra (1)             | 1 of 1 ✔
[3c/7bc132] librarySearchData (63)         | 65 of 75
[-        ] librarymergeResults            -
[8a/7421e5] summaryLibrary (66)            | 75 of 75 ✔
[-        ] librarygetGNPSAnnotations      -
[38/b4d24d] networkingGNPSPrepParams (1)   | 1 of 1 ✔
[28/022012] calculatePairs (1)             | 1 of 1 ✔
[d2/4a3a41] filterNetwork (1)              | 1 of 1 ✔
[af/fd458f] createMetadataFile             | 1 of 1 ✔
[86/75a372] calculateGroupings (1)         | 1 of 1 ✔
[-        ] enrichClusterSummary           -
[-        ] createNetworkGraphML           -
[d6/20aea6] createTallRawData (1)          | 1 of 1 ✔
[-        ] createMztabOutput              -

executor >  slurm (159)
[30/5a868c] filesummary (1)                | 1 of 1 ✔
[e0/50ab16] qua…tion_table_reformatted (1) | 1 of 1 ✔
[da/caa781] filter_spectra (1)             | 1 of 1 ✔
[a5/78a916] librarySearchData (21)         | 66 of 75
[-        ] librarymergeResults            -
[8a/7421e5] summaryLibrary (66)            | 75 of 75 ✔
[-        ] librarygetGNPSAnnotations      -
[38/b4d24d] networkingGNPSPrepParams (1)   | 1 of 1 ✔
[28/022012] calculatePairs (1)             | 1 of 1 ✔
[d2/4a3a41] filterNetwork (1)              | 1 of 1 ✔
[af/fd458f] createMetadataFile             | 1 of 1 ✔
[86/75a372] calculateGroupings (1)         | 1 of 1 ✔
[-        ] enrichClusterSummary           -
[-        ] createNetworkGraphML           -
[d6/20aea6] createTallRawData (1)          | 1 of 1 ✔
[-        ] createMztabOutput              -

executor >  slurm (159)
[30/5a868c] filesummary (1)                | 1 of 1 ✔
[e0/50ab16] qua…tion_table_reformatted (1) | 1 of 1 ✔
[da/caa781] filter_spectra (1)             | 1 of 1 ✔
[25/c3981a] librarySearchData (55)         | 68 of 75
[-        ] librarymergeResults            -
[8a/7421e5] summaryLibrary (66)            | 75 of 75 ✔
[-        ] librarygetGNPSAnnotations      -
[38/b4d24d] networkingGNPSPrepParams (1)   | 1 of 1 ✔
[28/022012] calculatePairs (1)             | 1 of 1 ✔
[d2/4a3a41] filterNetwork (1)              | 1 of 1 ✔
[af/fd458f] createMetadataFile             | 1 of 1 ✔
[86/75a372] calculateGroupings (1)         | 1 of 1 ✔
[-        ] enrichClusterSummary           -
[-        ] createNetworkGraphML           -
[d6/20aea6] createTallRawData (1)          | 1 of 1 ✔
[-        ] createMztabOutput              -

executor >  slurm (159)
[30/5a868c] filesummary (1)                | 1 of 1 ✔
[e0/50ab16] qua…tion_table_reformatted (1) | 1 of 1 ✔
[da/caa781] filter_spectra (1)             | 1 of 1 ✔
[7d/19e368] librarySearchData (74)         | 69 of 75
[-        ] librarymergeResults            -
[8a/7421e5] summaryLibrary (66)            | 75 of 75 ✔
[-        ] librarygetGNPSAnnotations      -
[38/b4d24d] networkingGNPSPrepParams (1)   | 1 of 1 ✔
[28/022012] calculatePairs (1)             | 1 of 1 ✔
[d2/4a3a41] filterNetwork (1)              | 1 of 1 ✔
[af/fd458f] createMetadataFile             | 1 of 1 ✔
[86/75a372] calculateGroupings (1)         | 1 of 1 ✔
[-        ] enrichClusterSummary           -
[-        ] createNetworkGraphML           -
[d6/20aea6] createTallRawData (1)          | 1 of 1 ✔
[-        ] createMztabOutput              -

executor >  slurm (159)
[30/5a868c] filesummary (1)                | 1 of 1 ✔
[e0/50ab16] qua…tion_table_reformatted (1) | 1 of 1 ✔
[da/caa781] filter_spectra (1)             | 1 of 1 ✔
[0b/00ff86] librarySearchData (50)         | 70 of 75
[-        ] librarymergeResults            -
[8a/7421e5] summaryLibrary (66)            | 75 of 75 ✔
[-        ] librarygetGNPSAnnotations      -
[38/b4d24d] networkingGNPSPrepParams (1)   | 1 of 1 ✔
[28/022012] calculatePairs (1)             | 1 of 1 ✔
[d2/4a3a41] filterNetwork (1)              | 1 of 1 ✔
[af/fd458f] createMetadataFile             | 1 of 1 ✔
[86/75a372] calculateGroupings (1)         | 1 of 1 ✔
[-        ] enrichClusterSummary           -
[-        ] createNetworkGraphML           -
[d6/20aea6] createTallRawData (1)          | 1 of 1 ✔
[-        ] createMztabOutput              -

executor >  slurm (159)
[30/5a868c] filesummary (1)                | 1 of 1 ✔
[e0/50ab16] qua…tion_table_reformatted (1) | 1 of 1 ✔
[da/caa781] filter_spectra (1)             | 1 of 1 ✔
[a1/43315c] librarySearchData (72)         | 72 of 75
[-        ] librarymergeResults            -
[8a/7421e5] summaryLibrary (66)            | 75 of 75 ✔
[-        ] librarygetGNPSAnnotations      -
[38/b4d24d] networkingGNPSPrepParams (1)   | 1 of 1 ✔
[28/022012] calculatePairs (1)             | 1 of 1 ✔
[d2/4a3a41] filterNetwork (1)              | 1 of 1 ✔
[af/fd458f] createMetadataFile             | 1 of 1 ✔
[86/75a372] calculateGroupings (1)         | 1 of 1 ✔
[-        ] enrichClusterSummary           -
[-        ] createNetworkGraphML           -
[d6/20aea6] createTallRawData (1)          | 1 of 1 ✔
[-        ] createMztabOutput              -

executor >  slurm (159)
[30/5a868c] filesummary (1)                | 1 of 1 ✔
[e0/50ab16] qua…tion_table_reformatted (1) | 1 of 1 ✔
[da/caa781] filter_spectra (1)             | 1 of 1 ✔
[31/3adf8d] librarySearchData (40)         | 73 of 75
[-        ] librarymergeResults            -
[8a/7421e5] summaryLibrary (66)            | 75 of 75 ✔
[-        ] librarygetGNPSAnnotations      -
[38/b4d24d] networkingGNPSPrepParams (1)   | 1 of 1 ✔
[28/022012] calculatePairs (1)             | 1 of 1 ✔
[d2/4a3a41] filterNetwork (1)              | 1 of 1 ✔
[af/fd458f] createMetadataFile             | 1 of 1 ✔
[86/75a372] calculateGroupings (1)         | 1 of 1 ✔
[-        ] enrichClusterSummary           -
[-        ] createNetworkGraphML           -
[d6/20aea6] createTallRawData (1)          | 1 of 1 ✔
[-        ] createMztabOutput              -

executor >  slurm (159)
[30/5a868c] filesummary (1)                | 1 of 1 ✔
[e0/50ab16] qua…tion_table_reformatted (1) | 1 of 1 ✔
[da/caa781] filter_spectra (1)             | 1 of 1 ✔
[b7/73d6d5] librarySearchData (66)         | 74 of 75
[-        ] librarymergeResults            -
[8a/7421e5] summaryLibrary (66)            | 75 of 75 ✔
[-        ] librarygetGNPSAnnotations      -
[38/b4d24d] networkingGNPSPrepParams (1)   | 1 of 1 ✔
[28/022012] calculatePairs (1)             | 1 of 1 ✔
[d2/4a3a41] filterNetwork (1)              | 1 of 1 ✔
[af/fd458f] createMetadataFile             | 1 of 1 ✔
[86/75a372] calculateGroupings (1)         | 1 of 1 ✔
[-        ] enrichClusterSummary           -
[-        ] createNetworkGraphML           -
[d6/20aea6] createTallRawData (1)          | 1 of 1 ✔
[-        ] createMztabOutput              -

executor >  slurm (160)
[30/5a868c] filesummary (1)                | 1 of 1 ✔
[e0/50ab16] qua…tion_table_reformatted (1) | 1 of 1 ✔
[da/caa781] filter_spectra (1)             | 1 of 1 ✔
[d2/a6a474] librarySearchData (60)         | 75 of 75 ✔
[03/a67981] librarymergeResults            | 0 of 1
[8a/7421e5] summaryLibrary (66)            | 75 of 75 ✔
[-        ] librarygetGNPSAnnotations      -
[38/b4d24d] networkingGNPSPrepParams (1)   | 1 of 1 ✔
[28/022012] calculatePairs (1)             | 1 of 1 ✔
[d2/4a3a41] filterNetwork (1)              | 1 of 1 ✔
[af/fd458f] createMetadataFile             | 1 of 1 ✔
[86/75a372] calculateGroupings (1)         | 1 of 1 ✔
[-        ] enrichClusterSummary           -
[-        ] createNetworkGraphML           -
[d6/20aea6] createTallRawData (1)          | 1 of 1 ✔
[-        ] createMztabOutput              -

executor >  slurm (161)
[30/5a868c] filesummary (1)                | 1 of 1 ✔
[e0/50ab16] qua…tion_table_reformatted (1) | 1 of 1 ✔
[da/caa781] filter_spectra (1)             | 1 of 1 ✔
[d2/a6a474] librarySearchData (60)         | 75 of 75 ✔
[03/a67981] librarymergeResults            | 1 of 1 ✔
[8a/7421e5] summaryLibrary (66)            | 75 of 75 ✔
[8b/c902cb] librarygetGNPSAnnotations (1)  | 0 of 1
[38/b4d24d] networkingGNPSPrepParams (1)   | 1 of 1 ✔
[28/022012] calculatePairs (1)             | 1 of 1 ✔
[d2/4a3a41] filterNetwork (1)              | 1 of 1 ✔
[af/fd458f] createMetadataFile             | 1 of 1 ✔
[86/75a372] calculateGroupings (1)         | 1 of 1 ✔
[-        ] enrichClusterSummary           -
[-        ] createNetworkGraphML           -
[d6/20aea6] createTallRawData (1)          | 1 of 1 ✔
[-        ] createMztabOutput              -

executor >  slurm (161)
[30/5a868c] filesummary (1)                | 1 of 1 ✔
[e0/50ab16] qua…tion_table_reformatted (1) | 1 of 1 ✔
[da/caa781] filter_spectra (1)             | 1 of 1 ✔
[d2/a6a474] librarySearchData (60)         | 75 of 75 ✔
[03/a67981] librarymergeResults            | 1 of 1 ✔
[8a/7421e5] summaryLibrary (66)            | 75 of 75 ✔
[8b/c902cb] librarygetGNPSAnnotations (1)  | 0 of 1
[38/b4d24d] networkingGNPSPrepParams (1)   | 1 of 1 ✔
[28/022012] calculatePairs (1)             | 1 of 1 ✔
[d2/4a3a41] filterNetwork (1)              | 1 of 1 ✔
[af/fd458f] createMetadataFile             | 1 of 1 ✔
[86/75a372] calculateGroupings (1)         | 1 of 1 ✔
[-        ] enrichClusterSummary           -
[-        ] createNetworkGraphML           -
[d6/20aea6] createTallRawData (1)          | 1 of 1 ✔
[-        ] createMztabOutput              -

executor >  slurm (162)
[30/5a868c] filesummary (1)                | 1 of 1 ✔
[e0/50ab16] qua…tion_table_reformatted (1) | 1 of 1 ✔
[da/caa781] filter_spectra (1)             | 1 of 1 ✔
[d2/a6a474] librarySearchData (60)         | 75 of 75 ✔
[03/a67981] librarymergeResults            | 1 of 1 ✔
[8a/7421e5] summaryLibrary (66)            | 75 of 75 ✔
[8b/c902cb] librarygetGNPSAnnotations (1)  | 1 of 1 ✔
[38/b4d24d] networkingGNPSPrepParams (1)   | 1 of 1 ✔
[28/022012] calculatePairs (1)             | 1 of 1 ✔
[d2/4a3a41] filterNetwork (1)              | 1 of 1 ✔
[af/fd458f] createMetadataFile             | 1 of 1 ✔
[86/75a372] calculateGroupings (1)         | 1 of 1 ✔
[85/ae8fc1] enrichClusterSummary (1)       | 0 of 1
[-        ] createNetworkGraphML           -
[d6/20aea6] createTallRawData (1)          | 1 of 1 ✔
[-        ] createMztabOutput              -

executor >  slurm (163)
[30/5a868c] filesummary (1)                | 1 of 1 ✔
[e0/50ab16] qua…tion_table_reformatted (1) | 1 of 1 ✔
[da/caa781] filter_spectra (1)             | 1 of 1 ✔
[d2/a6a474] librarySearchData (60)         | 75 of 75 ✔
[03/a67981] librarymergeResults            | 1 of 1 ✔
[8a/7421e5] summaryLibrary (66)            | 75 of 75 ✔
[8b/c902cb] librarygetGNPSAnnotations (1)  | 1 of 1 ✔
[38/b4d24d] networkingGNPSPrepParams (1)   | 1 of 1 ✔
[28/022012] calculatePairs (1)             | 1 of 1 ✔
[d2/4a3a41] filterNetwork (1)              | 1 of 1 ✔
[af/fd458f] createMetadataFile             | 1 of 1 ✔
[86/75a372] calculateGroupings (1)         | 1 of 1 ✔
[85/ae8fc1] enrichClusterSummary (1)       | 1 of 1 ✔
[8b/239f83] createNetworkGraphML (1)       | 0 of 1
[d6/20aea6] createTallRawData (1)          | 1 of 1 ✔
[-        ] createMztabOutput              | 0 of 1

executor >  slurm (164)
[30/5a868c] filesummary (1)                | 1 of 1 ✔
[e0/50ab16] qua…tion_table_reformatted (1) | 1 of 1 ✔
[da/caa781] filter_spectra (1)             | 1 of 1 ✔
[d2/a6a474] librarySearchData (60)         | 75 of 75 ✔
[03/a67981] librarymergeResults            | 1 of 1 ✔
[8a/7421e5] summaryLibrary (66)            | 75 of 75 ✔
[8b/c902cb] librarygetGNPSAnnotations (1)  | 1 of 1 ✔
[38/b4d24d] networkingGNPSPrepParams (1)   | 1 of 1 ✔
[28/022012] calculatePairs (1)             | 1 of 1 ✔
[d2/4a3a41] filterNetwork (1)              | 1 of 1 ✔
[af/fd458f] createMetadataFile             | 1 of 1 ✔
[86/75a372] calculateGroupings (1)         | 1 of 1 ✔
[85/ae8fc1] enrichClusterSummary (1)       | 1 of 1 ✔
[8b/239f83] createNetworkGraphML (1)       | 0 of 1
[d6/20aea6] createTallRawData (1)          | 1 of 1 ✔
[5b/8e2f8f] createMztabOutput (1)          | 0 of 1

executor >  slurm (164)
[30/5a868c] filesummary (1)                | 1 of 1 ✔
[e0/50ab16] qua…tion_table_reformatted (1) | 1 of 1 ✔
[da/caa781] filter_spectra (1)             | 1 of 1 ✔
[d2/a6a474] librarySearchData (60)         | 75 of 75 ✔
[03/a67981] librarymergeResults            | 1 of 1 ✔
[8a/7421e5] summaryLibrary (66)            | 75 of 75 ✔
[8b/c902cb] librarygetGNPSAnnotations (1)  | 1 of 1 ✔
[38/b4d24d] networkingGNPSPrepParams (1)   | 1 of 1 ✔
[28/022012] calculatePairs (1)             | 1 of 1 ✔
[d2/4a3a41] filterNetwork (1)              | 1 of 1 ✔
[af/fd458f] createMetadataFile             | 1 of 1 ✔
[86/75a372] calculateGroupings (1)         | 1 of 1 ✔
[85/ae8fc1] enrichClusterSummary (1)       | 1 of 1 ✔
[8b/239f83] createNetworkGraphML (1)       | 1 of 1 ✔
[d6/20aea6] createTallRawData (1)          | 1 of 1 ✔
[5b/8e2f8f] createMztabOutput (1)          | 1 of 1 ✔

executor >  slurm (164)
[30/5a868c] filesummary (1)                | 1 of 1 ✔
[e0/50ab16] qua…tion_table_reformatted (1) | 1 of 1 ✔
[da/caa781] filter_spectra (1)             | 1 of 1 ✔
[d2/a6a474] librarySearchData (60)         | 75 of 75 ✔
[03/a67981] librarymergeResults            | 1 of 1 ✔
[8a/7421e5] summaryLibrary (66)            | 75 of 75 ✔
[8b/c902cb] librarygetGNPSAnnotations (1)  | 1 of 1 ✔
[38/b4d24d] networkingGNPSPrepParams (1)   | 1 of 1 ✔
[28/022012] calculatePairs (1)             | 1 of 1 ✔
[d2/4a3a41] filterNetwork (1)              | 1 of 1 ✔
[af/fd458f] createMetadataFile             | 1 of 1 ✔
[86/75a372] calculateGroupings (1)         | 1 of 1 ✔
[85/ae8fc1] enrichClusterSummary (1)       | 1 of 1 ✔
[8b/239f83] createNetworkGraphML (1)       | 1 of 1 ✔
[d6/20aea6] createTallRawData (1)          | 1 of 1 ✔
[5b/8e2f8f] createMztabOutput (1)          | 1 of 1 ✔
Completed at: 04-May-2026 10:59:17
Duration    : 6m 37s
CPU hours   : 0.4
Succeeded   : 164


