
 N E X T F L O W   ~  version 24.04.4

Launching `/app/workflows_user/feature_based_molecular_networking_workflow/nf_workflow.nf` [ecstatic_knuth] DSL2 - revision: 4f081d111f

[-        ] filesummary                    -
[-        ] qua…fication_table_reformatted -
[-        ] filter_spectra                 -
[-        ] librarySearchData              -
[-        ] librarymergeResults            -
[-        ] summaryLibrary                 -

[-        ] filesummary                    -
[-        ] qua…fication_table_reformatted -
[-        ] filter_spectra                 -
[-        ] librarySearchData              -
[-        ] librarymergeResults            -
[-        ] summaryLibrary                 -
[-        ] librarygetGNPSAnnotations      -
[-        ] networkingGNPSPrepParams       -
[-        ] calculatePairs                 -
[-        ] filterNetwork                  -
[-        ] createMetadataFile             -
[-        ] calculateGroupings             -
[-        ] enrichClusterSummary           -
[-        ] createNetworkGraphML           -
[-        ] createTallRawData              -
[-        ] createMztabOutput              -

[-        ] filesummary                    | 0 of 1
[-        ] qua…fication_table_reformatted | 0 of 1
[-        ] filter_spectra                 -
[-        ] librarySearchData              -
[-        ] librarymergeResults            -
[-        ] summaryLibrary                 | 0 of 12
[-        ] librarygetGNPSAnnotations      -
[-        ] networkingGNPSPrepParams       -
[-        ] calculatePairs                 -
[-        ] filterNetwork                  -
[-        ] createMetadataFile             | 0 of 1
[-        ] calculateGroupings             -
[-        ] enrichClusterSummary           -
[-        ] createNetworkGraphML           -
[-        ] createTallRawData              -
[-        ] createMztabOutput              -

executor >  slurm (3)
[55/184c34] filesummary (1)                | 0 of 1
[-        ] qua…fication_table_reformatted | 0 of 1
[-        ] filter_spectra                 -
[-        ] librarySearchData              -
[-        ] librarymergeResults            -
[67/9d7ebb] summaryLibrary (16)            | 0 of 75
[-        ] librarygetGNPSAnnotations      -
[-        ] networkingGNPSPrepParams       -
[-        ] calculatePairs                 -
[-        ] filterNetwork                  -
[-        ] createMetadataFile             | 0 of 1
[-        ] calculateGroupings             -
[-        ] enrichClusterSummary           -
[-        ] createNetworkGraphML           -
[-        ] createTallRawData              -
[-        ] createMztabOutput              -

executor >  slurm (9)
[55/184c34] filesummary (1)                | 0 of 1
[5e/911776] qua…tion_table_reformatted (1) | 0 of 1
[-        ] filter_spectra                 -
[-        ] librarySearchData              -
[-        ] librarymergeResults            -
[17/03acaf] summaryLibrary (15)            | 0 of 75
[-        ] librarygetGNPSAnnotations      -
[-        ] networkingGNPSPrepParams       -
[-        ] calculatePairs                 -
[-        ] filterNetwork                  -
[-        ] createMetadataFile             | 0 of 1
[-        ] calculateGroupings             -
[-        ] enrichClusterSummary           -
[-        ] createNetworkGraphML           -
[-        ] createTallRawData              -
[-        ] createMztabOutput              -

executor >  slurm (16)
[55/184c34] filesummary (1)                | 0 of 1
[5e/911776] qua…tion_table_reformatted (1) | 0 of 1
[-        ] filter_spectra                 -
[-        ] librarySearchData              -
[-        ] librarymergeResults            -
[ad/f864a6] summaryLibrary (5)             | 0 of 75
[-        ] librarygetGNPSAnnotations      -
[-        ] networkingGNPSPrepParams       -
[-        ] calculatePairs                 -
[-        ] filterNetwork                  -
[34/bcb9c4] createMetadataFile             | 0 of 1
[-        ] calculateGroupings             -
[-        ] enrichClusterSummary           -
[-        ] createNetworkGraphML           -
[-        ] createTallRawData              -
[-        ] createMztabOutput              -

executor >  slurm (19)
[55/184c34] filesummary (1)                | 0 of 1
[5e/911776] qua…tion_table_reformatted (1) | 0 of 1
[-        ] filter_spectra                 -
[-        ] librarySearchData              -
[-        ] librarymergeResults            -
[cf/1f5aed] summaryLibrary (14)            | 0 of 75
[-        ] librarygetGNPSAnnotations      -
[-        ] networkingGNPSPrepParams       -
[-        ] calculatePairs                 -
[-        ] filterNetwork                  -
[34/bcb9c4] createMetadataFile             | 0 of 1
[-        ] calculateGroupings             -
[-        ] enrichClusterSummary           -
[-        ] createNetworkGraphML           -
[-        ] createTallRawData              -
[-        ] createMztabOutput              -

executor >  slurm (19)
[55/184c34] filesummary (1)                | 0 of 1
[5e/911776] qua…tion_table_reformatted (1) | 0 of 1
[-        ] filter_spectra                 -
[-        ] librarySearchData              -
[-        ] librarymergeResults            -
[cf/1f5aed] summaryLibrary (14)            | 0 of 75
[-        ] librarygetGNPSAnnotations      -
[-        ] networkingGNPSPrepParams       -
[-        ] calculatePairs                 -
[-        ] filterNetwork                  -
[34/bcb9c4] createMetadataFile             | 0 of 1
[-        ] calculateGroupings             -
[-        ] enrichClusterSummary           -
[-        ] createNetworkGraphML           -
[-        ] createTallRawData              -
[-        ] createMztabOutput              -

executor >  slurm (19)
[55/184c34] filesummary (1)                | 0 of 1
[5e/911776] qua…tion_table_reformatted (1) | 0 of 1
[-        ] filter_spectra                 -
[-        ] librarySearchData              -
[-        ] librarymergeResults            -
[cf/1f5aed] summaryLibrary (14)            | 0 of 75
[-        ] librarygetGNPSAnnotations      -
[-        ] networkingGNPSPrepParams       -
[-        ] calculatePairs                 -
[-        ] filterNetwork                  -
[34/bcb9c4] createMetadataFile             | 0 of 1
[-        ] calculateGroupings             -
[-        ] enrichClusterSummary           -
[-        ] createNetworkGraphML           -
[-        ] createTallRawData              -
[-        ] createMztabOutput              -

executor >  slurm (25)
[55/184c34] filesummary (1)                | 1 of 1 ✔
[5e/911776] qua…tion_table_reformatted (1) | 1 of 1 ✔
[-        ] filter_spectra                 | 0 of 1
[-        ] librarySearchData              -
[-        ] librarymergeResults            -
[ec/cfa306] summaryLibrary (21)            | 14 of 75
[-        ] librarygetGNPSAnnotations      -
[-        ] networkingGNPSPrepParams       -
[-        ] calculatePairs                 -
[-        ] filterNetwork                  -
[34/bcb9c4] createMetadataFile             | 1 of 1 ✔
[-        ] calculateGroupings             | 0 of 1
[-        ] enrichClusterSummary           -
[-        ] createNetworkGraphML           -
[-        ] createTallRawData              | 0 of 1
[-        ] createMztabOutput              -

executor >  slurm (33)
[55/184c34] filesummary (1)                | 1 of 1 ✔
[5e/911776] qua…tion_table_reformatted (1) | 1 of 1 ✔
[-        ] filter_spectra                 | 0 of 1
[-        ] librarySearchData              -
[-        ] librarymergeResults            -
[cb/c9b65a] summaryLibrary (28)            | 14 of 75
[-        ] librarygetGNPSAnnotations      -
[-        ] networkingGNPSPrepParams       -
[-        ] calculatePairs                 -
[-        ] filterNetwork                  -
[34/bcb9c4] createMetadataFile             | 1 of 1 ✔
[-        ] calculateGroupings             | 0 of 1
[-        ] enrichClusterSummary           -
[-        ] createNetworkGraphML           -
[-        ] createTallRawData              | 0 of 1
[-        ] createMztabOutput              -

executor >  slurm (36)
[55/184c34] filesummary (1)                | 1 of 1 ✔
[5e/911776] qua…tion_table_reformatted (1) | 1 of 1 ✔
[19/2d4351] filter_spectra (1)             | 0 of 1
[-        ] librarySearchData              -
[-        ] librarymergeResults            -
[cb/c9b65a] summaryLibrary (28)            | 14 of 75
[-        ] librarygetGNPSAnnotations      -
[-        ] networkingGNPSPrepParams       -
[-        ] calculatePairs                 -
[-        ] filterNetwork                  -
[34/bcb9c4] createMetadataFile             | 1 of 1 ✔
[6c/59576a] calculateGroupings (1)         | 0 of 1
[-        ] enrichClusterSummary           -
[-        ] createNetworkGraphML           -
[dc/0199c1] createTallRawData (1)          | 0 of 1
[-        ] createMztabOutput              -

executor >  slurm (36)
[55/184c34] filesummary (1)                | 1 of 1 ✔
[5e/911776] qua…tion_table_reformatted (1) | 1 of 1 ✔
[19/2d4351] filter_spectra (1)             | 0 of 1
[-        ] librarySearchData              -
[-        ] librarymergeResults            -
[cb/c9b65a] summaryLibrary (28)            | 14 of 75
[-        ] librarygetGNPSAnnotations      -
[-        ] networkingGNPSPrepParams       -
[-        ] calculatePairs                 -
[-        ] filterNetwork                  -
[34/bcb9c4] createMetadataFile             | 1 of 1 ✔
[6c/59576a] calculateGroupings (1)         | 0 of 1
[-        ] enrichClusterSummary           -
[-        ] createNetworkGraphML           -
[dc/0199c1] createTallRawData (1)          | 0 of 1
[-        ] createMztabOutput              -

executor >  slurm (37)
[55/184c34] filesummary (1)                | 1 of 1 ✔
[5e/911776] qua…tion_table_reformatted (1) | 1 of 1 ✔
[19/2d4351] filter_spectra (1)             | 0 of 1
[-        ] librarySearchData              -
[-        ] librarymergeResults            -
[cf/48b286] summaryLibrary (29)            | 15 of 75
[-        ] librarygetGNPSAnnotations      -
[-        ] networkingGNPSPrepParams       -
[-        ] calculatePairs                 -
[-        ] filterNetwork                  -
[34/bcb9c4] createMetadataFile             | 1 of 1 ✔
[6c/59576a] calculateGroupings (1)         | 0 of 1
[-        ] enrichClusterSummary           -
[-        ] createNetworkGraphML           -
[dc/0199c1] createTallRawData (1)          | 0 of 1
[-        ] createMztabOutput              -

executor >  slurm (44)
[55/184c34] filesummary (1)                | 1 of 1 ✔
[5e/911776] qua…tion_table_reformatted (1) | 1 of 1 ✔
[19/2d4351] filter_spectra (1)             | 1 of 1 ✔
[-        ] librarySearchData              | 0 of 54
[-        ] librarymergeResults            -
[4e/5106b0] summaryLibrary (37)            | 28 of 75
[-        ] librarygetGNPSAnnotations      -
[-        ] networkingGNPSPrepParams       | 0 of 1
[-        ] calculatePairs                 -
[-        ] filterNetwork                  -
[34/bcb9c4] createMetadataFile             | 1 of 1 ✔
[6c/59576a] calculateGroupings (1)         | 1 of 1 ✔
[-        ] enrichClusterSummary           -
[-        ] createNetworkGraphML           -
[dc/0199c1] createTallRawData (1)          | 1 of 1 ✔
[-        ] createMztabOutput              -

executor >  slurm (52)
[55/184c34] filesummary (1)                | 1 of 1 ✔
[5e/911776] qua…tion_table_reformatted (1) | 1 of 1 ✔
[19/2d4351] filter_spectra (1)             | 1 of 1 ✔
[9f/725a89] librarySearchData (13)         | 0 of 75
[-        ] librarymergeResults            -
[80/086c59] summaryLibrary (43)            | 28 of 75
[-        ] librarygetGNPSAnnotations      -
[73/2c605e] networkingGNPSPrepParams (1)   | 0 of 1
[-        ] calculatePairs                 -
[-        ] filterNetwork                  -
[34/bcb9c4] createMetadataFile             | 1 of 1 ✔
[6c/59576a] calculateGroupings (1)         | 1 of 1 ✔
[-        ] enrichClusterSummary           -
[-        ] createNetworkGraphML           -
[dc/0199c1] createTallRawData (1)          | 1 of 1 ✔
[-        ] createMztabOutput              -

executor >  slurm (62)
[55/184c34] filesummary (1)                | 1 of 1 ✔
[5e/911776] qua…tion_table_reformatted (1) | 1 of 1 ✔
[19/2d4351] filter_spectra (1)             | 1 of 1 ✔
[3d/69a1fe] librarySearchData (1)          | 0 of 75
[-        ] librarymergeResults            -
[80/086c59] summaryLibrary (43)            | 28 of 75
[-        ] librarygetGNPSAnnotations      -
[73/2c605e] networkingGNPSPrepParams (1)   | 0 of 1
[-        ] calculatePairs                 -
[-        ] filterNetwork                  -
[34/bcb9c4] createMetadataFile             | 1 of 1 ✔
[6c/59576a] calculateGroupings (1)         | 1 of 1 ✔
[-        ] enrichClusterSummary           -
[-        ] createNetworkGraphML           -
[dc/0199c1] createTallRawData (1)          | 1 of 1 ✔
[-        ] createMztabOutput              -

executor >  slurm (67)
[55/184c34] filesummary (1)                | 1 of 1 ✔
[5e/911776] qua…tion_table_reformatted (1) | 1 of 1 ✔
[19/2d4351] filter_spectra (1)             | 1 of 1 ✔
[fc/43efee] librarySearchData (8)          | 0 of 75
[-        ] librarymergeResults            -
[80/086c59] summaryLibrary (43)            | 28 of 75
[-        ] librarygetGNPSAnnotations      -
[73/2c605e] networkingGNPSPrepParams (1)   | 0 of 1
[-        ] calculatePairs                 -
[-        ] filterNetwork                  -
[34/bcb9c4] createMetadataFile             | 1 of 1 ✔
[6c/59576a] calculateGroupings (1)         | 1 of 1 ✔
[-        ] enrichClusterSummary           -
[-        ] createNetworkGraphML           -
[dc/0199c1] createTallRawData (1)          | 1 of 1 ✔
[-        ] createMztabOutput              -

executor >  slurm (67)
[55/184c34] filesummary (1)                | 1 of 1 ✔
[5e/911776] qua…tion_table_reformatted (1) | 1 of 1 ✔
[19/2d4351] filter_spectra (1)             | 1 of 1 ✔
[fc/43efee] librarySearchData (8)          | 0 of 75
[-        ] librarymergeResults            -
[6c/a289e7] summaryLibrary (24)            | 30 of 75
[-        ] librarygetGNPSAnnotations      -
[73/2c605e] networkingGNPSPrepParams (1)   | 0 of 1
[-        ] calculatePairs                 -
[-        ] filterNetwork                  -
[34/bcb9c4] createMetadataFile             | 1 of 1 ✔
[6c/59576a] calculateGroupings (1)         | 1 of 1 ✔
[-        ] enrichClusterSummary           -
[-        ] createNetworkGraphML           -
[dc/0199c1] createTallRawData (1)          | 1 of 1 ✔
[-        ] createMztabOutput              -

executor >  slurm (69)
[55/184c34] filesummary (1)                | 1 of 1 ✔
[5e/911776] qua…tion_table_reformatted (1) | 1 of 1 ✔
[19/2d4351] filter_spectra (1)             | 1 of 1 ✔
[fc/43efee] librarySearchData (8)          | 0 of 75
[-        ] librarymergeResults            -
[a0/5425f2] summaryLibrary (46)            | 30 of 75
[-        ] librarygetGNPSAnnotations      -
[73/2c605e] networkingGNPSPrepParams (1)   | 0 of 1
[-        ] calculatePairs                 -
[-        ] filterNetwork                  -
[34/bcb9c4] createMetadataFile             | 1 of 1 ✔
[6c/59576a] calculateGroupings (1)         | 1 of 1 ✔
[-        ] enrichClusterSummary           -
[-        ] createNetworkGraphML           -
[dc/0199c1] createTallRawData (1)          | 1 of 1 ✔
[-        ] createMztabOutput              -

executor >  slurm (73)
[55/184c34] filesummary (1)                | 1 of 1 ✔
[5e/911776] qua…tion_table_reformatted (1) | 1 of 1 ✔
[19/2d4351] filter_spectra (1)             | 1 of 1 ✔
[fc/43efee] librarySearchData (8)          | 8 of 75
[-        ] librarymergeResults            -
[d8/2db680] summaryLibrary (50)            | 41 of 75
[-        ] librarygetGNPSAnnotations      -
[73/2c605e] networkingGNPSPrepParams (1)   | 1 of 1 ✔
[-        ] calculatePairs                 | 0 of 1
[-        ] filterNetwork                  -
[34/bcb9c4] createMetadataFile             | 1 of 1 ✔
[6c/59576a] calculateGroupings (1)         | 1 of 1 ✔
[-        ] enrichClusterSummary           -
[-        ] createNetworkGraphML           -
[dc/0199c1] createTallRawData (1)          | 1 of 1 ✔
[-        ] createMztabOutput              -

executor >  slurm (82)
[55/184c34] filesummary (1)                | 1 of 1 ✔
[5e/911776] qua…tion_table_reformatted (1) | 1 of 1 ✔
[19/2d4351] filter_spectra (1)             | 1 of 1 ✔
[58/c5879e] librarySearchData (17)         | 8 of 75
[-        ] librarymergeResults            -
[c8/e5dc41] summaryLibrary (54)            | 41 of 75
[-        ] librarygetGNPSAnnotations      -
[73/2c605e] networkingGNPSPrepParams (1)   | 1 of 1 ✔
[-        ] calculatePairs                 | 0 of 1
[-        ] filterNetwork                  -
[34/bcb9c4] createMetadataFile             | 1 of 1 ✔
[6c/59576a] calculateGroupings (1)         | 1 of 1 ✔
[-        ] enrichClusterSummary           -
[-        ] createNetworkGraphML           -
[dc/0199c1] createTallRawData (1)          | 1 of 1 ✔
[-        ] createMztabOutput              -

executor >  slurm (89)
[55/184c34] filesummary (1)                | 1 of 1 ✔
[5e/911776] qua…tion_table_reformatted (1) | 1 of 1 ✔
[19/2d4351] filter_spectra (1)             | 1 of 1 ✔
[96/92d9d2] librarySearchData (23)         | 8 of 75
[-        ] librarymergeResults            -
[c8/e5dc41] summaryLibrary (54)            | 41 of 75
[-        ] librarygetGNPSAnnotations      -
[73/2c605e] networkingGNPSPrepParams (1)   | 1 of 1 ✔
[2c/6f690e] calculatePairs (1)             | 0 of 1
[-        ] filterNetwork                  -
[34/bcb9c4] createMetadataFile             | 1 of 1 ✔
[6c/59576a] calculateGroupings (1)         | 1 of 1 ✔
[-        ] enrichClusterSummary           -
[-        ] createNetworkGraphML           -
[dc/0199c1] createTallRawData (1)          | 1 of 1 ✔
[-        ] createMztabOutput              -

executor >  slurm (90)
[55/184c34] filesummary (1)                | 1 of 1 ✔
[5e/911776] qua…tion_table_reformatted (1) | 1 of 1 ✔
[19/2d4351] filter_spectra (1)             | 1 of 1 ✔
[cc/366272] librarySearchData (16)         | 11 of 75
[-        ] librarymergeResults            -
[d9/11bbbb] summaryLibrary (57)            | 43 of 75
[-        ] librarygetGNPSAnnotations      -
[73/2c605e] networkingGNPSPrepParams (1)   | 1 of 1 ✔
[2c/6f690e] calculatePairs (1)             | 0 of 1
[-        ] filterNetwork                  -
[34/bcb9c4] createMetadataFile             | 1 of 1 ✔
[6c/59576a] calculateGroupings (1)         | 1 of 1 ✔
[-        ] enrichClusterSummary           -
[-        ] createNetworkGraphML           -
[dc/0199c1] createTallRawData (1)          | 1 of 1 ✔
[-        ] createMztabOutput              -

executor >  slurm (94)
[55/184c34] filesummary (1)                | 1 of 1 ✔
[5e/911776] qua…tion_table_reformatted (1) | 1 of 1 ✔
[19/2d4351] filter_spectra (1)             | 1 of 1 ✔
[88/12d045] librarySearchData (25)         | 11 of 75
[-        ] librarymergeResults            -
[19/4cc5e3] summaryLibrary (58)            | 43 of 75
[-        ] librarygetGNPSAnnotations      -
[73/2c605e] networkingGNPSPrepParams (1)   | 1 of 1 ✔
[2c/6f690e] calculatePairs (1)             | 0 of 1
[-        ] filterNetwork                  -
[34/bcb9c4] createMetadataFile             | 1 of 1 ✔
[6c/59576a] calculateGroupings (1)         | 1 of 1 ✔
[-        ] enrichClusterSummary           -
[-        ] createNetworkGraphML           -
[dc/0199c1] createTallRawData (1)          | 1 of 1 ✔
[-        ] createMztabOutput              -

executor >  slurm (96)
[55/184c34] filesummary (1)                | 1 of 1 ✔
[5e/911776] qua…tion_table_reformatted (1) | 1 of 1 ✔
[19/2d4351] filter_spectra (1)             | 1 of 1 ✔
[96/92d9d2] librarySearchData (23)         | 17 of 75
[-        ] librarymergeResults            -
[be/a596be] summaryLibrary (59)            | 53 of 75
[-        ] librarygetGNPSAnnotations      -
[73/2c605e] networkingGNPSPrepParams (1)   | 1 of 1 ✔
[2c/6f690e] calculatePairs (1)             | 0 of 1
[-        ] filterNetwork                  -
[34/bcb9c4] createMetadataFile             | 1 of 1 ✔
[6c/59576a] calculateGroupings (1)         | 1 of 1 ✔
[-        ] enrichClusterSummary           -
[-        ] createNetworkGraphML           -
[dc/0199c1] createTallRawData (1)          | 1 of 1 ✔
[-        ] createMztabOutput              -

executor >  slurm (104)
[55/184c34] filesummary (1)                | 1 of 1 ✔
[5e/911776] qua…tion_table_reformatted (1) | 1 of 1 ✔
[19/2d4351] filter_spectra (1)             | 1 of 1 ✔
[96/92d9d2] librarySearchData (23)         | 17 of 75
[-        ] librarymergeResults            -
[ea/425463] summaryLibrary (65)            | 53 of 75
[-        ] librarygetGNPSAnnotations      -
[73/2c605e] networkingGNPSPrepParams (1)   | 1 of 1 ✔
[2c/6f690e] calculatePairs (1)             | 0 of 1
[-        ] filterNetwork                  -
[34/bcb9c4] createMetadataFile             | 1 of 1 ✔
[6c/59576a] calculateGroupings (1)         | 1 of 1 ✔
[-        ] enrichClusterSummary           -
[-        ] createNetworkGraphML           -
[dc/0199c1] createTallRawData (1)          | 1 of 1 ✔
[-        ] createMztabOutput              -

executor >  slurm (110)
[55/184c34] filesummary (1)                | 1 of 1 ✔
[5e/911776] qua…tion_table_reformatted (1) | 1 of 1 ✔
[19/2d4351] filter_spectra (1)             | 1 of 1 ✔
[46/0516e6] librarySearchData (31)         | 17 of 75
[-        ] librarymergeResults            -
[ea/425463] summaryLibrary (65)            | 53 of 75
[-        ] librarygetGNPSAnnotations      -
[73/2c605e] networkingGNPSPrepParams (1)   | 1 of 1 ✔
[2c/6f690e] calculatePairs (1)             | 0 of 1
[-        ] filterNetwork                  -
[34/bcb9c4] createMetadataFile             | 1 of 1 ✔
[6c/59576a] calculateGroupings (1)         | 1 of 1 ✔
[-        ] enrichClusterSummary           -
[-        ] createNetworkGraphML           -
[dc/0199c1] createTallRawData (1)          | 1 of 1 ✔
[-        ] createMztabOutput              -

executor >  slurm (113)
[55/184c34] filesummary (1)                | 1 of 1 ✔
[5e/911776] qua…tion_table_reformatted (1) | 1 of 1 ✔
[19/2d4351] filter_spectra (1)             | 1 of 1 ✔
[d3/ae72ee] librarySearchData (28)         | 21 of 75
[-        ] librarymergeResults            -
[f3/b95b3e] summaryLibrary (71)            | 58 of 75
[-        ] librarygetGNPSAnnotations      -
[73/2c605e] networkingGNPSPrepParams (1)   | 1 of 1 ✔
[2c/6f690e] calculatePairs (1)             | 1 of 1 ✔
[-        ] filterNetwork                  | 0 of 1
[34/bcb9c4] createMetadataFile             | 1 of 1 ✔
[6c/59576a] calculateGroupings (1)         | 1 of 1 ✔
[-        ] enrichClusterSummary           -
[-        ] createNetworkGraphML           -
[dc/0199c1] createTallRawData (1)          | 1 of 1 ✔
[-        ] createMztabOutput              -

executor >  slurm (120)
[55/184c34] filesummary (1)                | 1 of 1 ✔
[5e/911776] qua…tion_table_reformatted (1) | 1 of 1 ✔
[19/2d4351] filter_spectra (1)             | 1 of 1 ✔
[c1/0bac06] librarySearchData (35)         | 21 of 75
[-        ] librarymergeResults            -
[d4/659df2] summaryLibrary (74)            | 58 of 75
[-        ] librarygetGNPSAnnotations      -
[73/2c605e] networkingGNPSPrepParams (1)   | 1 of 1 ✔
[2c/6f690e] calculatePairs (1)             | 1 of 1 ✔
[51/af4980] filterNetwork (1)              | 0 of 1
[34/bcb9c4] createMetadataFile             | 1 of 1 ✔
[6c/59576a] calculateGroupings (1)         | 1 of 1 ✔
[-        ] enrichClusterSummary           -
[-        ] createNetworkGraphML           -
[dc/0199c1] createTallRawData (1)          | 1 of 1 ✔
[-        ] createMztabOutput              -

executor >  slurm (120)
[55/184c34] filesummary (1)                | 1 of 1 ✔
[5e/911776] qua…tion_table_reformatted (1) | 1 of 1 ✔
[19/2d4351] filter_spectra (1)             | 1 of 1 ✔
[88/12d045] librarySearchData (25)         | 23 of 75
[-        ] librarymergeResults            -
[ea/425463] summaryLibrary (65)            | 64 of 75
[-        ] librarygetGNPSAnnotations      -
[73/2c605e] networkingGNPSPrepParams (1)   | 1 of 1 ✔
[2c/6f690e] calculatePairs (1)             | 1 of 1 ✔
[51/af4980] filterNetwork (1)              | 0 of 1
[34/bcb9c4] createMetadataFile             | 1 of 1 ✔
[6c/59576a] calculateGroupings (1)         | 1 of 1 ✔
[-        ] enrichClusterSummary           -
[-        ] createNetworkGraphML           -
[dc/0199c1] createTallRawData (1)          | 1 of 1 ✔
[-        ] createMztabOutput              -

executor >  slurm (126)
[55/184c34] filesummary (1)                | 1 of 1 ✔
[5e/911776] qua…tion_table_reformatted (1) | 1 of 1 ✔
[19/2d4351] filter_spectra (1)             | 1 of 1 ✔
[b2/a4c012] librarySearchData (42)         | 26 of 75
[-        ] librarymergeResults            -
[9c/c0e951] summaryLibrary (75)            | 66 of 75
[-        ] librarygetGNPSAnnotations      -
[73/2c605e] networkingGNPSPrepParams (1)   | 1 of 1 ✔
[2c/6f690e] calculatePairs (1)             | 1 of 1 ✔
[51/af4980] filterNetwork (1)              | 0 of 1
[34/bcb9c4] createMetadataFile             | 1 of 1 ✔
[6c/59576a] calculateGroupings (1)         | 1 of 1 ✔
[-        ] enrichClusterSummary           -
[-        ] createNetworkGraphML           -
[dc/0199c1] createTallRawData (1)          | 1 of 1 ✔
[-        ] createMztabOutput              -

executor >  slurm (127)
[55/184c34] filesummary (1)                | 1 of 1 ✔
[5e/911776] qua…tion_table_reformatted (1) | 1 of 1 ✔
[19/2d4351] filter_spectra (1)             | 1 of 1 ✔
[91/f6ba61] librarySearchData (36)         | 31 of 75
[-        ] librarymergeResults            -
[d4/659df2] summaryLibrary (74)            | 71 of 75
[-        ] librarygetGNPSAnnotations      -
[73/2c605e] networkingGNPSPrepParams (1)   | 1 of 1 ✔
[2c/6f690e] calculatePairs (1)             | 1 of 1 ✔
[51/af4980] filterNetwork (1)              | 1 of 1 ✔
[34/bcb9c4] createMetadataFile             | 1 of 1 ✔
[6c/59576a] calculateGroupings (1)         | 1 of 1 ✔
[-        ] enrichClusterSummary           -
[-        ] createNetworkGraphML           -
[dc/0199c1] createTallRawData (1)          | 1 of 1 ✔
[-        ] createMztabOutput              -

executor >  slurm (132)
[55/184c34] filesummary (1)                | 1 of 1 ✔
[5e/911776] qua…tion_table_reformatted (1) | 1 of 1 ✔
[19/2d4351] filter_spectra (1)             | 1 of 1 ✔
[76/8fe0e7] librarySearchData (46)         | 32 of 75
[-        ] librarymergeResults            -
[d4/659df2] summaryLibrary (74)            | 71 of 75
[-        ] librarygetGNPSAnnotations      -
[73/2c605e] networkingGNPSPrepParams (1)   | 1 of 1 ✔
[2c/6f690e] calculatePairs (1)             | 1 of 1 ✔
[51/af4980] filterNetwork (1)              | 1 of 1 ✔
[34/bcb9c4] createMetadataFile             | 1 of 1 ✔
[6c/59576a] calculateGroupings (1)         | 1 of 1 ✔
[-        ] enrichClusterSummary           -
[-        ] createNetworkGraphML           -
[dc/0199c1] createTallRawData (1)          | 1 of 1 ✔
[-        ] createMztabOutput              -

executor >  slurm (133)
[55/184c34] filesummary (1)                | 1 of 1 ✔
[5e/911776] qua…tion_table_reformatted (1) | 1 of 1 ✔
[19/2d4351] filter_spectra (1)             | 1 of 1 ✔
[ea/70bf10] librarySearchData (48)         | 38 of 75
[-        ] librarymergeResults            -
[9c/c0e951] summaryLibrary (75)            | 74 of 75
[-        ] librarygetGNPSAnnotations      -
[73/2c605e] networkingGNPSPrepParams (1)   | 1 of 1 ✔
[2c/6f690e] calculatePairs (1)             | 1 of 1 ✔
[51/af4980] filterNetwork (1)              | 1 of 1 ✔
[34/bcb9c4] createMetadataFile             | 1 of 1 ✔
[6c/59576a] calculateGroupings (1)         | 1 of 1 ✔
[-        ] enrichClusterSummary           -
[-        ] createNetworkGraphML           -
[dc/0199c1] createTallRawData (1)          | 1 of 1 ✔
[-        ] createMztabOutput              -

executor >  slurm (138)
[55/184c34] filesummary (1)                | 1 of 1 ✔
[5e/911776] qua…tion_table_reformatted (1) | 1 of 1 ✔
[19/2d4351] filter_spectra (1)             | 1 of 1 ✔
[79/ed2492] librarySearchData (54)         | 38 of 75
[-        ] librarymergeResults            -
[9c/c0e951] summaryLibrary (75)            | 74 of 75
[-        ] librarygetGNPSAnnotations      -
[73/2c605e] networkingGNPSPrepParams (1)   | 1 of 1 ✔
[2c/6f690e] calculatePairs (1)             | 1 of 1 ✔
[51/af4980] filterNetwork (1)              | 1 of 1 ✔
[34/bcb9c4] createMetadataFile             | 1 of 1 ✔
[6c/59576a] calculateGroupings (1)         | 1 of 1 ✔
[-        ] enrichClusterSummary           -
[-        ] createNetworkGraphML           -
[dc/0199c1] createTallRawData (1)          | 1 of 1 ✔
[-        ] createMztabOutput              -

executor >  slurm (138)
[55/184c34] filesummary (1)                | 1 of 1 ✔
[5e/911776] qua…tion_table_reformatted (1) | 1 of 1 ✔
[19/2d4351] filter_spectra (1)             | 1 of 1 ✔
[79/ed2492] librarySearchData (54)         | 38 of 75
[-        ] librarymergeResults            -
[e2/aa3ac0] summaryLibrary (63)            | 75 of 75 ✔
[-        ] librarygetGNPSAnnotations      -
[73/2c605e] networkingGNPSPrepParams (1)   | 1 of 1 ✔
[2c/6f690e] calculatePairs (1)             | 1 of 1 ✔
[51/af4980] filterNetwork (1)              | 1 of 1 ✔
[34/bcb9c4] createMetadataFile             | 1 of 1 ✔
[6c/59576a] calculateGroupings (1)         | 1 of 1 ✔
[-        ] enrichClusterSummary           -
[-        ] createNetworkGraphML           -
[dc/0199c1] createTallRawData (1)          | 1 of 1 ✔
[-        ] createMztabOutput              -

executor >  slurm (144)
[55/184c34] filesummary (1)                | 1 of 1 ✔
[5e/911776] qua…tion_table_reformatted (1) | 1 of 1 ✔
[19/2d4351] filter_spectra (1)             | 1 of 1 ✔
[84/7f1cd4] librarySearchData (60)         | 44 of 75
[-        ] librarymergeResults            -
[e2/aa3ac0] summaryLibrary (63)            | 75 of 75 ✔
[-        ] librarygetGNPSAnnotations      -
[73/2c605e] networkingGNPSPrepParams (1)   | 1 of 1 ✔
[2c/6f690e] calculatePairs (1)             | 1 of 1 ✔
[51/af4980] filterNetwork (1)              | 1 of 1 ✔
[34/bcb9c4] createMetadataFile             | 1 of 1 ✔
[6c/59576a] calculateGroupings (1)         | 1 of 1 ✔
[-        ] enrichClusterSummary           -
[-        ] createNetworkGraphML           -
[dc/0199c1] createTallRawData (1)          | 1 of 1 ✔
[-        ] createMztabOutput              -

executor >  slurm (149)
[55/184c34] filesummary (1)                | 1 of 1 ✔
[5e/911776] qua…tion_table_reformatted (1) | 1 of 1 ✔
[19/2d4351] filter_spectra (1)             | 1 of 1 ✔
[ef/fba6c3] librarySearchData (65)         | 50 of 75
[-        ] librarymergeResults            -
[e2/aa3ac0] summaryLibrary (63)            | 75 of 75 ✔
[-        ] librarygetGNPSAnnotations      -
[73/2c605e] networkingGNPSPrepParams (1)   | 1 of 1 ✔
[2c/6f690e] calculatePairs (1)             | 1 of 1 ✔
[51/af4980] filterNetwork (1)              | 1 of 1 ✔
[34/bcb9c4] createMetadataFile             | 1 of 1 ✔
[6c/59576a] calculateGroupings (1)         | 1 of 1 ✔
[-        ] enrichClusterSummary           -
[-        ] createNetworkGraphML           -
[dc/0199c1] createTallRawData (1)          | 1 of 1 ✔
[-        ] createMztabOutput              -

executor >  slurm (150)
[55/184c34] filesummary (1)                | 1 of 1 ✔
[5e/911776] qua…tion_table_reformatted (1) | 1 of 1 ✔
[19/2d4351] filter_spectra (1)             | 1 of 1 ✔
[57/c9669c] librarySearchData (66)         | 50 of 75
[-        ] librarymergeResults            -
[e2/aa3ac0] summaryLibrary (63)            | 75 of 75 ✔
[-        ] librarygetGNPSAnnotations      -
[73/2c605e] networkingGNPSPrepParams (1)   | 1 of 1 ✔
[2c/6f690e] calculatePairs (1)             | 1 of 1 ✔
[51/af4980] filterNetwork (1)              | 1 of 1 ✔
[34/bcb9c4] createMetadataFile             | 1 of 1 ✔
[6c/59576a] calculateGroupings (1)         | 1 of 1 ✔
[-        ] enrichClusterSummary           -
[-        ] createNetworkGraphML           -
[dc/0199c1] createTallRawData (1)          | 1 of 1 ✔
[-        ] createMztabOutput              -

executor >  slurm (151)
[55/184c34] filesummary (1)                | 1 of 1 ✔
[5e/911776] qua…tion_table_reformatted (1) | 1 of 1 ✔
[19/2d4351] filter_spectra (1)             | 1 of 1 ✔
[bf/9d5934] librarySearchData (68)         | 51 of 75
[-        ] librarymergeResults            -
[e2/aa3ac0] summaryLibrary (63)            | 75 of 75 ✔
[-        ] librarygetGNPSAnnotations      -
[73/2c605e] networkingGNPSPrepParams (1)   | 1 of 1 ✔
[2c/6f690e] calculatePairs (1)             | 1 of 1 ✔
[51/af4980] filterNetwork (1)              | 1 of 1 ✔
[34/bcb9c4] createMetadataFile             | 1 of 1 ✔
[6c/59576a] calculateGroupings (1)         | 1 of 1 ✔
[-        ] enrichClusterSummary           -
[-        ] createNetworkGraphML           -
[dc/0199c1] createTallRawData (1)          | 1 of 1 ✔
[-        ] createMztabOutput              -

executor >  slurm (157)
[55/184c34] filesummary (1)                | 1 of 1 ✔
[5e/911776] qua…tion_table_reformatted (1) | 1 of 1 ✔
[19/2d4351] filter_spectra (1)             | 1 of 1 ✔
[30/4714a0] librarySearchData (73)         | 59 of 75
[-        ] librarymergeResults            -
[e2/aa3ac0] summaryLibrary (63)            | 75 of 75 ✔
[-        ] librarygetGNPSAnnotations      -
[73/2c605e] networkingGNPSPrepParams (1)   | 1 of 1 ✔
[2c/6f690e] calculatePairs (1)             | 1 of 1 ✔
[51/af4980] filterNetwork (1)              | 1 of 1 ✔
[34/bcb9c4] createMetadataFile             | 1 of 1 ✔
[6c/59576a] calculateGroupings (1)         | 1 of 1 ✔
[-        ] enrichClusterSummary           -
[-        ] createNetworkGraphML           -
[dc/0199c1] createTallRawData (1)          | 1 of 1 ✔
[-        ] createMztabOutput              -

executor >  slurm (159)
[55/184c34] filesummary (1)                | 1 of 1 ✔
[5e/911776] qua…tion_table_reformatted (1) | 1 of 1 ✔
[19/2d4351] filter_spectra (1)             | 1 of 1 ✔
[45/c41a90] librarySearchData (75)         | 59 of 75
[-        ] librarymergeResults            -
[e2/aa3ac0] summaryLibrary (63)            | 75 of 75 ✔
[-        ] librarygetGNPSAnnotations      -
[73/2c605e] networkingGNPSPrepParams (1)   | 1 of 1 ✔
[2c/6f690e] calculatePairs (1)             | 1 of 1 ✔
[51/af4980] filterNetwork (1)              | 1 of 1 ✔
[34/bcb9c4] createMetadataFile             | 1 of 1 ✔
[6c/59576a] calculateGroupings (1)         | 1 of 1 ✔
[-        ] enrichClusterSummary           -
[-        ] createNetworkGraphML           -
[dc/0199c1] createTallRawData (1)          | 1 of 1 ✔
[-        ] createMztabOutput              -

executor >  slurm (159)
[55/184c34] filesummary (1)                | 1 of 1 ✔
[5e/911776] qua…tion_table_reformatted (1) | 1 of 1 ✔
[19/2d4351] filter_spectra (1)             | 1 of 1 ✔
[4a/fec17c] librarySearchData (69)         | 61 of 75
[-        ] librarymergeResults            -
[e2/aa3ac0] summaryLibrary (63)            | 75 of 75 ✔
[-        ] librarygetGNPSAnnotations      -
[73/2c605e] networkingGNPSPrepParams (1)   | 1 of 1 ✔
[2c/6f690e] calculatePairs (1)             | 1 of 1 ✔
[51/af4980] filterNetwork (1)              | 1 of 1 ✔
[34/bcb9c4] createMetadataFile             | 1 of 1 ✔
[6c/59576a] calculateGroupings (1)         | 1 of 1 ✔
[-        ] enrichClusterSummary           -
[-        ] createNetworkGraphML           -
[dc/0199c1] createTallRawData (1)          | 1 of 1 ✔
[-        ] createMztabOutput              -

executor >  slurm (159)
[55/184c34] filesummary (1)                | 1 of 1 ✔
[5e/911776] qua…tion_table_reformatted (1) | 1 of 1 ✔
[19/2d4351] filter_spectra (1)             | 1 of 1 ✔
[45/c41a90] librarySearchData (75)         | 66 of 75
[-        ] librarymergeResults            -
[e2/aa3ac0] summaryLibrary (63)            | 75 of 75 ✔
[-        ] librarygetGNPSAnnotations      -
[73/2c605e] networkingGNPSPrepParams (1)   | 1 of 1 ✔
[2c/6f690e] calculatePairs (1)             | 1 of 1 ✔
[51/af4980] filterNetwork (1)              | 1 of 1 ✔
[34/bcb9c4] createMetadataFile             | 1 of 1 ✔
[6c/59576a] calculateGroupings (1)         | 1 of 1 ✔
[-        ] enrichClusterSummary           -
[-        ] createNetworkGraphML           -
[dc/0199c1] createTallRawData (1)          | 1 of 1 ✔
[-        ] createMztabOutput              -

executor >  slurm (159)
[55/184c34] filesummary (1)                | 1 of 1 ✔
[5e/911776] qua…tion_table_reformatted (1) | 1 of 1 ✔
[19/2d4351] filter_spectra (1)             | 1 of 1 ✔
[30/4714a0] librarySearchData (73)         | 67 of 75
[-        ] librarymergeResults            -
[e2/aa3ac0] summaryLibrary (63)            | 75 of 75 ✔
[-        ] librarygetGNPSAnnotations      -
[73/2c605e] networkingGNPSPrepParams (1)   | 1 of 1 ✔
[2c/6f690e] calculatePairs (1)             | 1 of 1 ✔
[51/af4980] filterNetwork (1)              | 1 of 1 ✔
[34/bcb9c4] createMetadataFile             | 1 of 1 ✔
[6c/59576a] calculateGroupings (1)         | 1 of 1 ✔
[-        ] enrichClusterSummary           -
[-        ] createNetworkGraphML           -
[dc/0199c1] createTallRawData (1)          | 1 of 1 ✔
[-        ] createMztabOutput              -

executor >  slurm (159)
[55/184c34] filesummary (1)                | 1 of 1 ✔
[5e/911776] qua…tion_table_reformatted (1) | 1 of 1 ✔
[19/2d4351] filter_spectra (1)             | 1 of 1 ✔
[94/773cfc] librarySearchData (63)         | 68 of 75
[-        ] librarymergeResults            -
[e2/aa3ac0] summaryLibrary (63)            | 75 of 75 ✔
[-        ] librarygetGNPSAnnotations      -
[73/2c605e] networkingGNPSPrepParams (1)   | 1 of 1 ✔
[2c/6f690e] calculatePairs (1)             | 1 of 1 ✔
[51/af4980] filterNetwork (1)              | 1 of 1 ✔
[34/bcb9c4] createMetadataFile             | 1 of 1 ✔
[6c/59576a] calculateGroupings (1)         | 1 of 1 ✔
[-        ] enrichClusterSummary           -
[-        ] createNetworkGraphML           -
[dc/0199c1] createTallRawData (1)          | 1 of 1 ✔
[-        ] createMztabOutput              -

executor >  slurm (159)
[55/184c34] filesummary (1)                | 1 of 1 ✔
[5e/911776] qua…tion_table_reformatted (1) | 1 of 1 ✔
[19/2d4351] filter_spectra (1)             | 1 of 1 ✔
[10/b5c60c] librarySearchData (62)         | 70 of 75
[-        ] librarymergeResults            -
[e2/aa3ac0] summaryLibrary (63)            | 75 of 75 ✔
[-        ] librarygetGNPSAnnotations      -
[73/2c605e] networkingGNPSPrepParams (1)   | 1 of 1 ✔
[2c/6f690e] calculatePairs (1)             | 1 of 1 ✔
[51/af4980] filterNetwork (1)              | 1 of 1 ✔
[34/bcb9c4] createMetadataFile             | 1 of 1 ✔
[6c/59576a] calculateGroupings (1)         | 1 of 1 ✔
[-        ] enrichClusterSummary           -
[-        ] createNetworkGraphML           -
[dc/0199c1] createTallRawData (1)          | 1 of 1 ✔
[-        ] createMztabOutput              -

executor >  slurm (159)
[55/184c34] filesummary (1)                | 1 of 1 ✔
[5e/911776] qua…tion_table_reformatted (1) | 1 of 1 ✔
[19/2d4351] filter_spectra (1)             | 1 of 1 ✔
[6a/2a8cba] librarySearchData (55)         | 71 of 75
[-        ] librarymergeResults            -
[e2/aa3ac0] summaryLibrary (63)            | 75 of 75 ✔
[-        ] librarygetGNPSAnnotations      -
[73/2c605e] networkingGNPSPrepParams (1)   | 1 of 1 ✔
[2c/6f690e] calculatePairs (1)             | 1 of 1 ✔
[51/af4980] filterNetwork (1)              | 1 of 1 ✔
[34/bcb9c4] createMetadataFile             | 1 of 1 ✔
[6c/59576a] calculateGroupings (1)         | 1 of 1 ✔
[-        ] enrichClusterSummary           -
[-        ] createNetworkGraphML           -
[dc/0199c1] createTallRawData (1)          | 1 of 1 ✔
[-        ] createMztabOutput              -

executor >  slurm (159)
[55/184c34] filesummary (1)                | 1 of 1 ✔
[5e/911776] qua…tion_table_reformatted (1) | 1 of 1 ✔
[19/2d4351] filter_spectra (1)             | 1 of 1 ✔
[c6/b1d878] librarySearchData (59)         | 72 of 75
[-        ] librarymergeResults            -
[e2/aa3ac0] summaryLibrary (63)            | 75 of 75 ✔
[-        ] librarygetGNPSAnnotations      -
[73/2c605e] networkingGNPSPrepParams (1)   | 1 of 1 ✔
[2c/6f690e] calculatePairs (1)             | 1 of 1 ✔
[51/af4980] filterNetwork (1)              | 1 of 1 ✔
[34/bcb9c4] createMetadataFile             | 1 of 1 ✔
[6c/59576a] calculateGroupings (1)         | 1 of 1 ✔
[-        ] enrichClusterSummary           -
[-        ] createNetworkGraphML           -
[dc/0199c1] createTallRawData (1)          | 1 of 1 ✔
[-        ] createMztabOutput              -

executor >  slurm (159)
[55/184c34] filesummary (1)                | 1 of 1 ✔
[5e/911776] qua…tion_table_reformatted (1) | 1 of 1 ✔
[19/2d4351] filter_spectra (1)             | 1 of 1 ✔
[3e/e5b7f5] librarySearchData (53)         | 73 of 75
[-        ] librarymergeResults            -
[e2/aa3ac0] summaryLibrary (63)            | 75 of 75 ✔
[-        ] librarygetGNPSAnnotations      -
[73/2c605e] networkingGNPSPrepParams (1)   | 1 of 1 ✔
[2c/6f690e] calculatePairs (1)             | 1 of 1 ✔
[51/af4980] filterNetwork (1)              | 1 of 1 ✔
[34/bcb9c4] createMetadataFile             | 1 of 1 ✔
[6c/59576a] calculateGroupings (1)         | 1 of 1 ✔
[-        ] enrichClusterSummary           -
[-        ] createNetworkGraphML           -
[dc/0199c1] createTallRawData (1)          | 1 of 1 ✔
[-        ] createMztabOutput              -

executor >  slurm (159)
[55/184c34] filesummary (1)                | 1 of 1 ✔
[5e/911776] qua…tion_table_reformatted (1) | 1 of 1 ✔
[19/2d4351] filter_spectra (1)             | 1 of 1 ✔
[48/458141] librarySearchData (47)         | 74 of 75
[-        ] librarymergeResults            -
[e2/aa3ac0] summaryLibrary (63)            | 75 of 75 ✔
[-        ] librarygetGNPSAnnotations      -
[73/2c605e] networkingGNPSPrepParams (1)   | 1 of 1 ✔
[2c/6f690e] calculatePairs (1)             | 1 of 1 ✔
[51/af4980] filterNetwork (1)              | 1 of 1 ✔
[34/bcb9c4] createMetadataFile             | 1 of 1 ✔
[6c/59576a] calculateGroupings (1)         | 1 of 1 ✔
[-        ] enrichClusterSummary           -
[-        ] createNetworkGraphML           -
[dc/0199c1] createTallRawData (1)          | 1 of 1 ✔
[-        ] createMztabOutput              -

executor >  slurm (160)
[55/184c34] filesummary (1)                | 1 of 1 ✔
[5e/911776] qua…tion_table_reformatted (1) | 1 of 1 ✔
[19/2d4351] filter_spectra (1)             | 1 of 1 ✔
[46/0516e6] librarySearchData (31)         | 75 of 75 ✔
[9a/24c570] librarymergeResults            | 0 of 1
[e2/aa3ac0] summaryLibrary (63)            | 75 of 75 ✔
[-        ] librarygetGNPSAnnotations      -
[73/2c605e] networkingGNPSPrepParams (1)   | 1 of 1 ✔
[2c/6f690e] calculatePairs (1)             | 1 of 1 ✔
[51/af4980] filterNetwork (1)              | 1 of 1 ✔
[34/bcb9c4] createMetadataFile             | 1 of 1 ✔
[6c/59576a] calculateGroupings (1)         | 1 of 1 ✔
[-        ] enrichClusterSummary           -
[-        ] createNetworkGraphML           -
[dc/0199c1] createTallRawData (1)          | 1 of 1 ✔
[-        ] createMztabOutput              -

executor >  slurm (161)
[55/184c34] filesummary (1)                | 1 of 1 ✔
[5e/911776] qua…tion_table_reformatted (1) | 1 of 1 ✔
[19/2d4351] filter_spectra (1)             | 1 of 1 ✔
[46/0516e6] librarySearchData (31)         | 75 of 75 ✔
[9a/24c570] librarymergeResults            | 1 of 1 ✔
[e2/aa3ac0] summaryLibrary (63)            | 75 of 75 ✔
[59/6d6977] librarygetGNPSAnnotations (1)  | 0 of 1
[73/2c605e] networkingGNPSPrepParams (1)   | 1 of 1 ✔
[2c/6f690e] calculatePairs (1)             | 1 of 1 ✔
[51/af4980] filterNetwork (1)              | 1 of 1 ✔
[34/bcb9c4] createMetadataFile             | 1 of 1 ✔
[6c/59576a] calculateGroupings (1)         | 1 of 1 ✔
[-        ] enrichClusterSummary           -
[-        ] createNetworkGraphML           -
[dc/0199c1] createTallRawData (1)          | 1 of 1 ✔
[-        ] createMztabOutput              -

executor >  slurm (161)
[55/184c34] filesummary (1)                | 1 of 1 ✔
[5e/911776] qua…tion_table_reformatted (1) | 1 of 1 ✔
[19/2d4351] filter_spectra (1)             | 1 of 1 ✔
[46/0516e6] librarySearchData (31)         | 75 of 75 ✔
[9a/24c570] librarymergeResults            | 1 of 1 ✔
[e2/aa3ac0] summaryLibrary (63)            | 75 of 75 ✔
[59/6d6977] librarygetGNPSAnnotations (1)  | 0 of 1
[73/2c605e] networkingGNPSPrepParams (1)   | 1 of 1 ✔
[2c/6f690e] calculatePairs (1)             | 1 of 1 ✔
[51/af4980] filterNetwork (1)              | 1 of 1 ✔
[34/bcb9c4] createMetadataFile             | 1 of 1 ✔
[6c/59576a] calculateGroupings (1)         | 1 of 1 ✔
[-        ] enrichClusterSummary           -
[-        ] createNetworkGraphML           -
[dc/0199c1] createTallRawData (1)          | 1 of 1 ✔
[-        ] createMztabOutput              -

executor >  slurm (162)
[55/184c34] filesummary (1)                | 1 of 1 ✔
[5e/911776] qua…tion_table_reformatted (1) | 1 of 1 ✔
[19/2d4351] filter_spectra (1)             | 1 of 1 ✔
[46/0516e6] librarySearchData (31)         | 75 of 75 ✔
[9a/24c570] librarymergeResults            | 1 of 1 ✔
[e2/aa3ac0] summaryLibrary (63)            | 75 of 75 ✔
[59/6d6977] librarygetGNPSAnnotations (1)  | 1 of 1 ✔
[73/2c605e] networkingGNPSPrepParams (1)   | 1 of 1 ✔
[2c/6f690e] calculatePairs (1)             | 1 of 1 ✔
[51/af4980] filterNetwork (1)              | 1 of 1 ✔
[34/bcb9c4] createMetadataFile             | 1 of 1 ✔
[6c/59576a] calculateGroupings (1)         | 1 of 1 ✔
[cd/0ccfc7] enrichClusterSummary (1)       | 0 of 1
[-        ] createNetworkGraphML           -
[dc/0199c1] createTallRawData (1)          | 1 of 1 ✔
[-        ] createMztabOutput              -

executor >  slurm (164)
[55/184c34] filesummary (1)                | 1 of 1 ✔
[5e/911776] qua…tion_table_reformatted (1) | 1 of 1 ✔
[19/2d4351] filter_spectra (1)             | 1 of 1 ✔
[46/0516e6] librarySearchData (31)         | 75 of 75 ✔
[9a/24c570] librarymergeResults            | 1 of 1 ✔
[e2/aa3ac0] summaryLibrary (63)            | 75 of 75 ✔
[59/6d6977] librarygetGNPSAnnotations (1)  | 1 of 1 ✔
[73/2c605e] networkingGNPSPrepParams (1)   | 1 of 1 ✔
[2c/6f690e] calculatePairs (1)             | 1 of 1 ✔
[51/af4980] filterNetwork (1)              | 1 of 1 ✔
[34/bcb9c4] createMetadataFile             | 1 of 1 ✔
[6c/59576a] calculateGroupings (1)         | 1 of 1 ✔
[cd/0ccfc7] enrichClusterSummary (1)       | 1 of 1 ✔
[91/a16f11] createNetworkGraphML (1)       | 0 of 1
[dc/0199c1] createTallRawData (1)          | 1 of 1 ✔
[6b/d3ce78] createMztabOutput (1)          | 0 of 1

executor >  slurm (164)
[55/184c34] filesummary (1)                | 1 of 1 ✔
[5e/911776] qua…tion_table_reformatted (1) | 1 of 1 ✔
[19/2d4351] filter_spectra (1)             | 1 of 1 ✔
[46/0516e6] librarySearchData (31)         | 75 of 75 ✔
[9a/24c570] librarymergeResults            | 1 of 1 ✔
[e2/aa3ac0] summaryLibrary (63)            | 75 of 75 ✔
[59/6d6977] librarygetGNPSAnnotations (1)  | 1 of 1 ✔
[73/2c605e] networkingGNPSPrepParams (1)   | 1 of 1 ✔
[2c/6f690e] calculatePairs (1)             | 1 of 1 ✔
[51/af4980] filterNetwork (1)              | 1 of 1 ✔
[34/bcb9c4] createMetadataFile             | 1 of 1 ✔
[6c/59576a] calculateGroupings (1)         | 1 of 1 ✔
[cd/0ccfc7] enrichClusterSummary (1)       | 1 of 1 ✔
[91/a16f11] createNetworkGraphML (1)       | 0 of 1
[dc/0199c1] createTallRawData (1)          | 1 of 1 ✔
[6b/d3ce78] createMztabOutput (1)          | 0 of 1

executor >  slurm (164)
[55/184c34] filesummary (1)                | 1 of 1 ✔
[5e/911776] qua…tion_table_reformatted (1) | 1 of 1 ✔
[19/2d4351] filter_spectra (1)             | 1 of 1 ✔
[46/0516e6] librarySearchData (31)         | 75 of 75 ✔
[9a/24c570] librarymergeResults            | 1 of 1 ✔
[e2/aa3ac0] summaryLibrary (63)            | 75 of 75 ✔
[59/6d6977] librarygetGNPSAnnotations (1)  | 1 of 1 ✔
[73/2c605e] networkingGNPSPrepParams (1)   | 1 of 1 ✔
[2c/6f690e] calculatePairs (1)             | 1 of 1 ✔
[51/af4980] filterNetwork (1)              | 1 of 1 ✔
[34/bcb9c4] createMetadataFile             | 1 of 1 ✔
[6c/59576a] calculateGroupings (1)         | 1 of 1 ✔
[cd/0ccfc7] enrichClusterSummary (1)       | 1 of 1 ✔
[91/a16f11] createNetworkGraphML (1)       | 1 of 1 ✔
[dc/0199c1] createTallRawData (1)          | 1 of 1 ✔
[6b/d3ce78] createMztabOutput (1)          | 1 of 1 ✔

executor >  slurm (164)
[55/184c34] filesummary (1)                | 1 of 1 ✔
[5e/911776] qua…tion_table_reformatted (1) | 1 of 1 ✔
[19/2d4351] filter_spectra (1)             | 1 of 1 ✔
[46/0516e6] librarySearchData (31)         | 75 of 75 ✔
[9a/24c570] librarymergeResults            | 1 of 1 ✔
[e2/aa3ac0] summaryLibrary (63)            | 75 of 75 ✔
[59/6d6977] librarygetGNPSAnnotations (1)  | 1 of 1 ✔
[73/2c605e] networkingGNPSPrepParams (1)   | 1 of 1 ✔
[2c/6f690e] calculatePairs (1)             | 1 of 1 ✔
[51/af4980] filterNetwork (1)              | 1 of 1 ✔
[34/bcb9c4] createMetadataFile             | 1 of 1 ✔
[6c/59576a] calculateGroupings (1)         | 1 of 1 ✔
[cd/0ccfc7] enrichClusterSummary (1)       | 1 of 1 ✔
[91/a16f11] createNetworkGraphML (1)       | 1 of 1 ✔
[dc/0199c1] createTallRawData (1)          | 1 of 1 ✔
[6b/d3ce78] createMztabOutput (1)          | 1 of 1 ✔
Completed at: 30-Apr-2026 14:45:23
Duration    : 6m 42s
CPU hours   : 0.4
Succeeded   : 164


